00:03:06 - INFO - === Portfolio Viewer Started ===
00:03:08 - INFO - IB-Feed: IB ERROR 200 for ORDN (EUR): No security definition has been found for the request
00:03:08 - INFO - IB-Feed: IB ERROR 200 for CORRECTIE-BENCHMARK (): No security definition has been found for the request
00:03:08 - INFO - IB-Feed: IB ERROR 200 for EOE (EUR): No security definition has been found for the request
00:03:08 - INFO - IB-Feed: IB ERROR 200 for PLAN (USD): No security definition has been found for the request
09:12:03 - INFO - === Portfolio Viewer Started ===
09:12:06 - INFO - IB-Feed: IB ERROR 200 for AD (EUR): No security definition has been found for the request
09:12:06 - INFO - IB-Feed: IB ERROR 200 for PNL (EUR): No security definition has been found for the request
09:12:06 - INFO - IB-Feed: IB ERROR 200 for EOE (EUR): No security definition has been found for the request
09:12:06 - INFO - IB-Feed: IB ERROR 200 for BHP (USD): No security definition has been found for the request
09:12:06 - INFO - IB-Feed: IB ERROR 200 for XLV (USD): No security definition has been found for the request
09:12:06 - INFO - IB-Feed: IB ERROR 200 for CL (USD): No security definition has been found for the request
09:12:06 - INFO - IB-Feed: IB ERROR 200 for AAPL (USD): No security definition has been found for the request
09:12:06 - INFO - IB-Feed: IB ERROR 200 for NKE (USD): No security definition has been found for the request
09:12:06 - INFO - IB-Feed: IB ERROR 200 for VPK (EUR): No security definition has been found for the request
09:12:06 - INFO - IB-Feed: IB ERROR 200 for PHIA (EUR): No security definition has been found for the request
09:12:06 - INFO - IB-Feed: IB ERROR 200 for ASRNL (EUR): No security definition has been found for the request
09:12:06 - INFO - IB-Feed: IB ERROR 200 for BNP (EUR): No security definition has been found for the request
09:12:06 - INFO - IB-Feed: IB ERROR 200 for FDX (USD): No security definition has been found for the request
09:12:06 - INFO - IB-Feed: IB ERROR 200 for PANW (USD): No security definition has been found for the request
09:12:06 - INFO - IB-Feed: IB ERROR 200 for NVDA (USD): No security definition has been found for the request
09:12:06 - INFO - IB-Feed: IB ERROR 200 for AGN (EUR): No security definition has been found for the request
09:12:06 - INFO - IB-Feed: IB ERROR 200 for ANET (USD): No security definition has been found for the request
09:12:06 - INFO - IB-Feed: IB ERROR 200 for NBIS (USD): No security definition has been found for the request
09:12:06 - INFO - IB-Feed: IB ERROR 200 for UPS (USD): No security definition has been found for the request
09:12:06 - INFO - IB-Feed: IB ERROR 200 for PLAN (USD): No security definition has been found for the request
09:12:06 - INFO - IB-Feed: IB ERROR 200 for NN (EUR): No security definition has been found for the request
09:12:06 - INFO - IB-Feed: IB ERROR 200 for TBT (USD): No security definition has been found for the request
09:12:06 - INFO - IB-Feed: IB ERROR 200 for MDT (USD): No security definition has been found for the request
09:12:06 - INFO - IB-Feed: IB ERROR 200 for MU (USD): No security definition has been found for the request
09:12:06 - INFO - IB-Feed: IB ERROR 200 for BESI (EUR): No security definition has been found for the request
09:12:06 - INFO - IB-Feed: IB ERROR 200 for HOOD (USD): No security definition has been found for the request
09:12:06 - INFO - IB-Feed: IB ERROR 200 for OKTA (USD): No security definition has been found for the request
09:12:06 - INFO - IB-Feed: IB ERROR 200 for BMW (EUR): No security definition has been found for the request
09:12:06 - INFO - IB-Feed: IB ERROR 200 for WDS (USD): No security definition has been found for the request
09:12:06 - INFO - IB-Feed: IB ERROR 200 for VZ (USD): No security definition has been found for the request
09:12:06 - INFO - IB-Feed: IB ERROR 200 for AMD (USD): No security definition has been found for the request
09:12:06 - INFO - IB-Feed: IB ERROR 200 for ORDN (EUR): No security definition has been found for the request
09:12:06 - INFO - IB-Feed: IB ERROR 200 for ENB (USD): No security definition has been found for the request
09:12:06 - INFO - IB-Feed: IB ERROR 200 for T (USD): No security definition has been found for the request
09:12:06 - INFO - IB-Feed: IB ERROR 200 for HEIA (EUR): No security definition has been found for the request
09:12:06 - INFO - IB-Feed: IB ERROR 200 for SHELL (EUR): No security definition has been found for the request
09:12:06 - INFO - IB-Feed: IB ERROR 200 for KPN (EUR): No security definition has been found for the request
09:12:06 - INFO - IB-Feed: IB ERROR 200 for KO (USD): No security definition has been found for the request
09:12:06 - INFO - IB-Feed: IB ERROR 200 for CCJ (USD): No security definition has been found for the request
09:12:06 - INFO - IB-Feed: IB ERROR 200 for MRK (USD): No security definition has been found for the request
09:12:06 - INFO - IB-Feed: IB ERROR 200 for CORRECTIE-BENCHMARK (): No security definition has been found for the request
09:12:06 - INFO - IB-Feed: IB ERROR 200 for AMZN (USD): No security definition has been found for the request
09:12:06 - INFO - IB-Feed: IB ERROR 200 for NOW (USD): No security definition has been found for the request
09:12:06 - INFO - IB-Feed: IB ERROR 200 for RIO (USD): No security definition has been found for the request
09:12:06 - INFO - IB-Feed: IB ERROR 200 for ALV (EUR): No security definition has been found for the request
09:12:06 - INFO - IB-Feed: IB ERROR 200 for ASM (EUR): No security definition has been found for the request
09:12:06 - INFO - IB-Feed: IB ERROR 200 for UNA (EUR): No security definition has been found for the request
09:12:06 - INFO - IB-Feed: IB ERROR 200 for VOW (EUR): No security definition has been found for the request
09:12:06 - INFO - IB-Feed: IB ERROR 200 for VALE (USD): No security definition has been found for the request
09:12:06 - INFO - IB-Feed: IB ERROR 200 for IFX (EUR): No security definition has been found for the request
09:12:06 - INFO - IB-Feed: IB ERROR 200 for BAYN (EUR): No security definition has been found for the request
09:12:06 - INFO - IB-Feed: IB ERROR 200 for UMG (EUR): No security definition has been found for the request
09:12:06 - INFO - IB-Feed: IB ERROR 200 for EPD (USD): No security definition has been found for the request
09:12:06 - INFO - IB-Feed: IB ERROR 200 for LIGHT (EUR): No security definition has been found for the request
09:12:06 - INFO - IB-Feed: IB ERROR 200 for VFC (USD): No security definition has been found for the request
09:12:06 - INFO - IB-Feed: IB ERROR 200 for SNOW (USD): No security definition has been found for the request
09:12:06 - INFO - IB-Feed: IB ERROR 200 for UVXY (USD): No security definition has been found for the request
09:12:06 - INFO - IB-Feed: IB ERROR 200 for BTI (USD): No security definition has been found for the request
09:12:06 - INFO - IB-Feed: IB ERROR 200 for WKL (EUR): No security definition has been found for the request
09:12:06 - INFO - IB-Feed: IB ERROR 200 for BATS (GBP): No security definition has been found for the request
09:12:06 - INFO - IB-Feed: IB ERROR 200 for PLTR (USD): No security definition has been found for the request
09:12:06 - INFO - IB-Feed: IB ERROR 200 for REN (EUR): No security definition has been found for the request
09:12:06 - INFO - IB-Feed: IB ERROR 200 for BP (USD): No security definition has been found for the request
09:12:06 - INFO - IB-Feed: IB ERROR 200 for OXY (USD): No security definition has been found for the request
09:12:06 - INFO - IB-Feed: IB ERROR 200 for PRX (EUR): No security definition has been found for the request
09:12:06 - INFO - IB-Feed: IB ERROR 200 for GOOG (USD): No security definition has been found for the request
09:12:06 - INFO - IB-Feed: IB ERROR 200 for URW (EUR): No security definition has been found for the request
09:12:06 - INFO - IB-Feed: IB ERROR 200 for ASML (EUR): No security definition has been found for the request
09:12:06 - INFO - IB-Feed: IB ERROR 200 for WMT (USD): No security definition has been found for the request
09:12:06 - INFO - IB-Feed: IB ERROR 200 for INTC (USD): No security definition has been found for the request
09:12:06 - INFO - IB-Feed: IB ERROR 200 for TKWY (EUR): No security definition has been found for the request
09:12:06 - INFO - IB-Feed: IB ERROR 200 for RAND (EUR): No security definition has been found for the request
09:12:06 - INFO - IB-Feed: IB ERROR 200 for JNJ (USD): No security definition has been found for the request
09:12:06 - INFO - IB-Feed: IB ERROR 200 for ECMPA (EUR): No security definition has been found for the request
09:12:06 - INFO - IB-Feed: IB ERROR 200 for BAS (EUR): No security definition has been found for the request
09:12:06 - INFO - IB-Feed: IB ERROR 200 for BABA (USD): No security definition has been found for the request
09:12:06 - INFO - IB-Feed: IB ERROR 200 for MMM (USD): No security definition has been found for the request
09:12:06 - INFO - IB-Feed: IB ERROR 200 for UNH (USD): No security definition has been found for the request
09:12:06 - INFO - IB-Feed: IB ERROR 200 for META (USD): No security definition has been found for the request
09:12:06 - INFO - IB-Feed: IB ERROR 200 for UBER (USD): No security definition has been found for the request
09:12:06 - INFO - IB-Feed: IB ERROR 200 for APP (USD): No security definition has been found for the request
09:12:06 - INFO - IB-Feed: IB ERROR 200 for MT (EUR): No security definition has been found for the request
09:12:06 - INFO - IB-Feed: IB ERROR 200 for WHA (EUR): No security definition has been found for the request
09:12:06 - INFO - IB-Feed: IB ERROR 200 for O (USD): No security definition has been found for the request
09:12:06 - INFO - IB-Feed: IB ERROR 200 for ABN (EUR): No security definition has been found for the request
09:12:06 - INFO - IB-Feed: IB ERROR 200 for DHL (EUR): No security definition has been found for the request
09:12:06 - INFO - IB-Feed: IB ERROR 200 for INGA (EUR): No security definition has been found for the request
09:12:06 - INFO - IB-Feed: IB ERROR 200 for BN (EUR): No security definition has been found for the request
09:12:06 - INFO - IB-Feed: IB ERROR 200 for PG (USD): No security definition has been found for the request
09:13:18 - INFO - IB-Feed: IB ERROR 1100: Connectivity between LYNX - Beleggen met een Voorsprong and LYNX - Handelsplatform has been lost.
09:15:01 - INFO - === Portfolio Viewer Started ===
09:15:02 - INFO - IB-Feed: IB ERROR 200 for ALV (EUR): No security definition has been found for the request
09:15:02 - INFO - IB-Feed: IB ERROR 200 for VPK (EUR): No security definition has been found for the request
09:15:02 - INFO - IB-Feed: IB ERROR 200 for ASRNL (EUR): No security definition has been found for the request
09:15:02 - INFO - IB-Feed: IB ERROR 200 for NVDA (USD): No security definition has been found for the request
09:15:02 - INFO - IB-Feed: IB ERROR 200 for NN (EUR): No security definition has been found for the request
09:15:02 - INFO - IB-Feed: IB ERROR 200 for APP (USD): No security definition has been found for the request
09:15:02 - INFO - IB-Feed: IB ERROR 200 for URW (EUR): No security definition has been found for the request
09:15:02 - INFO - IB-Feed: IB ERROR 200 for PLTR (USD): No security definition has been found for the request
09:15:02 - INFO - IB-Feed: IB ERROR 200 for UNH (USD): No security definition has been found for the request
09:15:02 - INFO - IB-Feed: IB ERROR 200 for OKTA (USD): No security definition has been found for the request
09:15:02 - INFO - IB-Feed: IB ERROR 200 for SHELL (EUR): No security definition has been found for the request
09:15:02 - INFO - IB-Feed: IB ERROR 200 for DHL (EUR): No security definition has been found for the request
09:15:02 - INFO - IB-Feed: IB ERROR 200 for MRK (USD): No security definition has been found for the request
09:15:02 - INFO - IB-Feed: IB ERROR 200 for INGA (EUR): No security definition has been found for the request
09:15:02 - INFO - IB-Feed: IB ERROR 200 for VOW (EUR): No security definition has been found for the request
09:15:02 - INFO - IB-Feed: IB ERROR 200 for AMZN (USD): No security definition has been found for the request
09:15:02 - INFO - IB-Feed: IB ERROR 200 for UMG (EUR): No security definition has been found for the request
09:15:02 - INFO - IB-Feed: IB ERROR 200 for CCJ (USD): No security definition has been found for the request
09:15:02 - INFO - IB-Feed: IB ERROR 200 for ANET (USD): No security definition has been found for the request
09:15:02 - INFO - IB-Feed: IB ERROR 200 for XLV (USD): No security definition has been found for the request
09:15:02 - INFO - IB-Feed: IB ERROR 200 for HOOD (USD): No security definition has been found for the request
09:15:02 - INFO - IB-Feed: IB ERROR 200 for WHA (EUR): No security definition has been found for the request
09:15:02 - INFO - IB-Feed: IB ERROR 200 for O (USD): No security definition has been found for the request
09:15:02 - INFO - IB-Feed: IB ERROR 200 for CORRECTIE-BENCHMARK (): No security definition has been found for the request
09:15:02 - INFO - IB-Feed: IB ERROR 200 for PNL (EUR): No security definition has been found for the request
09:15:02 - INFO - IB-Feed: IB ERROR 200 for PANW (USD): No security definition has been found for the request
09:15:02 - INFO - IB-Feed: IB ERROR 200 for PLAN (USD): No security definition has been found for the request
09:15:02 - INFO - IB-Feed: IB ERROR 200 for ABN (EUR): No security definition has been found for the request
09:15:02 - INFO - IB-Feed: IB ERROR 200 for BTI (USD): No security definition has been found for the request
09:15:02 - INFO - IB-Feed: IB ERROR 200 for T (USD): No security definition has been found for the request
09:15:02 - INFO - IB-Feed: IB ERROR 200 for UBER (USD): No security definition has been found for the request
09:15:02 - INFO - IB-Feed: IB ERROR 200 for MT (EUR): No security definition has been found for the request
09:15:02 - INFO - IB-Feed: IB ERROR 200 for FDX (USD): No security definition has been found for the request
09:15:02 - INFO - IB-Feed: IB ERROR 200 for INTC (USD): No security definition has been found for the request
09:15:02 - INFO - IB-Feed: IB ERROR 200 for PRX (EUR): No security definition has been found for the request
09:15:02 - INFO - IB-Feed: IB ERROR 200 for VZ (USD): No security definition has been found for the request
09:15:02 - INFO - IB-Feed: IB ERROR 200 for RIO (USD): No security definition has been found for the request
09:15:02 - INFO - IB-Feed: IB ERROR 200 for GOOG (USD): No security definition has been found for the request
09:15:02 - INFO - IB-Feed: IB ERROR 200 for ECMPA (EUR): No security definition has been found for the request
09:15:02 - INFO - IB-Feed: IB ERROR 200 for WDS (USD): No security definition has been found for the request
09:15:02 - INFO - IB-Feed: IB ERROR 200 for MMM (USD): No security definition has been found for the request
09:15:02 - INFO - IB-Feed: IB ERROR 200 for BMW (EUR): No security definition has been found for the request
09:15:02 - INFO - IB-Feed: IB ERROR 200 for VALE (USD): No security definition has been found for the request
09:15:02 - INFO - IB-Feed: IB ERROR 200 for REN (EUR): No security definition has been found for the request
09:15:02 - INFO - IB-Feed: IB ERROR 200 for JNJ (USD): No security definition has been found for the request
09:15:02 - INFO - IB-Feed: IB ERROR 200 for TBT (USD): No security definition has been found for the request
09:15:02 - INFO - IB-Feed: IB ERROR 200 for PHIA (EUR): No security definition has been found for the request
09:15:02 - INFO - IB-Feed: IB ERROR 200 for BABA (USD): No security definition has been found for the request
09:15:02 - INFO - IB-Feed: IB ERROR 200 for EOE (EUR): No security definition has been found for the request
09:15:02 - INFO - IB-Feed: IB ERROR 200 for OXY (USD): No security definition has been found for the request
09:15:02 - INFO - IB-Feed: IB ERROR 200 for IFX (EUR): No security definition has been found for the request
09:15:02 - INFO - IB-Feed: IB ERROR 200 for META (USD): No security definition has been found for the request
09:15:02 - INFO - IB-Feed: IB ERROR 200 for NKE (USD): No security definition has been found for the request
09:15:02 - INFO - IB-Feed: IB ERROR 200 for SNOW (USD): No security definition has been found for the request
09:15:02 - INFO - IB-Feed: IB ERROR 200 for BAS (EUR): No security definition has been found for the request
09:15:02 - INFO - IB-Feed: IB ERROR 200 for BESI (EUR): No security definition has been found for the request
09:15:02 - INFO - IB-Feed: IB ERROR 200 for BAYN (EUR): No security definition has been found for the request
09:15:02 - INFO - IB-Feed: IB ERROR 200 for NOW (USD): No security definition has been found for the request
09:15:02 - INFO - IB-Feed: IB ERROR 200 for AMD (USD): No security definition has been found for the request
09:15:02 - INFO - IB-Feed: IB ERROR 200 for EPD (USD): No security definition has been found for the request
09:15:02 - INFO - IB-Feed: IB ERROR 200 for BNP (EUR): No security definition has been found for the request
09:15:02 - INFO - IB-Feed: IB ERROR 200 for ENB (USD): No security definition has been found for the request
09:15:02 - INFO - IB-Feed: IB ERROR 200 for WMT (USD): No security definition has been found for the request
09:15:02 - INFO - IB-Feed: IB ERROR 200 for WKL (EUR): No security definition has been found for the request
09:15:02 - INFO - IB-Feed: IB ERROR 200 for BP (USD): No security definition has been found for the request
09:15:02 - INFO - IB-Feed: IB ERROR 200 for CL (USD): No security definition has been found for the request
09:15:02 - INFO - IB-Feed: IB ERROR 200 for AAPL (USD): No security definition has been found for the request
09:15:02 - INFO - IB-Feed: IB ERROR 200 for AD (EUR): No security definition has been found for the request
09:15:02 - INFO - IB-Feed: IB ERROR 200 for TKWY (EUR): No security definition has been found for the request
09:15:02 - INFO - IB-Feed: IB ERROR 200 for ASML (EUR): No security definition has been found for the request
09:15:02 - INFO - IB-Feed: IB ERROR 200 for AGN (EUR): No security definition has been found for the request
09:15:02 - INFO - IB-Feed: IB ERROR 200 for NBIS (USD): No security definition has been found for the request
09:15:02 - INFO - IB-Feed: IB ERROR 200 for MU (USD): No security definition has been found for the request
09:15:02 - INFO - IB-Feed: IB ERROR 200 for BHP (USD): No security definition has been found for the request
09:15:02 - INFO - IB-Feed: IB ERROR 200 for ASM (EUR): No security definition has been found for the request
09:15:02 - INFO - IB-Feed: IB ERROR 200 for PG (USD): No security definition has been found for the request
09:15:02 - INFO - IB-Feed: IB ERROR 200 for BN (EUR): No security definition has been found for the request
09:15:02 - INFO - IB-Feed: IB ERROR 200 for RAND (EUR): No security definition has been found for the request
09:15:02 - INFO - IB-Feed: IB ERROR 200 for MDT (USD): No security definition has been found for the request
09:15:02 - INFO - IB-Feed: IB ERROR 200 for UVXY (USD): No security definition has been found for the request
09:15:02 - INFO - IB-Feed: IB ERROR 200 for HEIA (EUR): No security definition has been found for the request
09:15:02 - INFO - IB-Feed: IB ERROR 200 for BATS (GBP): No security definition has been found for the request
09:15:02 - INFO - IB-Feed: IB ERROR 200 for VFC (USD): No security definition has been found for the request
09:15:02 - INFO - IB-Feed: IB ERROR 200 for UPS (USD): No security definition has been found for the request
09:15:02 - INFO - IB-Feed: IB ERROR 200 for KPN (EUR): No security definition has been found for the request
09:15:02 - INFO - IB-Feed: IB ERROR 200 for LIGHT (EUR): No security definition has been found for the request
09:15:02 - INFO - IB-Feed: IB ERROR 200 for UNA (EUR): No security definition has been found for the request
09:15:02 - INFO - IB-Feed: IB ERROR 200 for ORDN (EUR): No security definition has been found for the request
09:15:02 - INFO - IB-Feed: IB ERROR 200 for KO (USD): No security definition has been found for the request
09:18:10 - INFO - === Portfolio Viewer Started ===
09:18:11 - INFO - IB-Feed: IB-feed ready
09:18:11 - INFO - IB-Feed: IB ERROR 200 for CORRECTIE-BENCHMARK (): No security definition has been found for the request
09:18:11 - INFO - IB-Feed: IB ERROR 200 for EOE (EUR): No security definition has been found for the request
09:18:11 - INFO - IB-Feed: IB ERROR 200 for ORDN (EUR): No security definition has been found for the request
09:18:11 - INFO - IB-Feed: IB ERROR 200 for PLAN (USD): No security definition has been found for the request
09:58:17 - INFO - === Portfolio Viewer Started ===
09:58:20 - INFO - IB-Feed: IB ERROR 200 for ORDN (EUR): No security definition has been found for the request
09:58:20 - INFO - IB-Feed: IB ERROR 200 for PLAN (USD): No security definition has been found for the request
09:58:20 - INFO - IB-Feed: IB ERROR 200 for CORRECTIE-BENCHMARK (): No security definition has been found for the request
09:58:20 - INFO - IB-Feed: IB ERROR 200 for EOE (EUR): No security definition has been found for the request
09:58:41 - INFO - === Portfolio Viewer Started ===
09:58:42 - INFO - IB-Feed: IB ERROR 200 for PLAN (USD): No security definition has been found for the request
09:58:42 - INFO - IB-Feed: IB ERROR 200 for EOE (EUR): No security definition has been found for the request
09:58:42 - INFO - IB-Feed: IB ERROR 200 for ORDN (EUR): No security definition has been found for the request
09:58:42 - INFO - IB-Feed: IB ERROR 200 for CORRECTIE-BENCHMARK (): No security definition has been found for the request
09:59:31 - INFO - ✅ Database configuratie herladen: 5 databases
09:59:46 - INFO - ✅ Database configuratie herladen: 5 databases
10:00:28 - INFO - ✅ Database configuratie herladen: 5 databases
10:01:14 - INFO - ✅ Database configuratie herladen: 5 databases
10:01:24 - INFO - ✅ Database configuratie herladen: 5 databases
10:02:22 - INFO - === Portfolio Viewer Started ===
10:02:24 - INFO - IB-Feed: IB ERROR 200 for EOE (EUR): No security definition has been found for the request
10:02:24 - INFO - IB-Feed: IB ERROR 200 for PLAN (USD): No security definition has been found for the request
10:02:24 - INFO - IB-Feed: IB ERROR 200 for CORRECTIE-BENCHMARK (): No security definition has been found for the request
10:02:24 - INFO - IB-Feed: IB ERROR 200 for ORDN (EUR): No security definition has been found for the request
10:02:30 - INFO - ✅ Database configuratie herladen: 5 databases, actief: onno-productie
10:02:40 - INFO - ✅ Database configuratie herladen: 5 databases, actief: onno-productie
10:02:44 - INFO - ✅ Database configuratie herladen: 5 databases, actief: onno-productie
10:02:55 - INFO - ✅ Database configuratie herladen: 4 databases, actief: onno-productie
10:08:02 - INFO - === Portfolio Viewer Started ===
10:08:04 - INFO - IB-Feed: IB ERROR 200 for EOE (EUR): No security definition has been found for the request
10:08:04 - INFO - IB-Feed: IB ERROR 200 for ORDN (EUR): No security definition has been found for the request
10:08:04 - INFO - IB-Feed: IB ERROR 200 for CORRECTIE-BENCHMARK (): No security definition has been found for the request
10:08:04 - INFO - IB-Feed: IB ERROR 200 for PLAN (USD): No security definition has been found for the request
10:24:04 - INFO - === Portfolio Viewer Started ===
10:24:06 - INFO - IB-Feed: IB ERROR 200 for EOE (EUR): No security definition has been found for the request
10:24:06 - INFO - IB-Feed: IB ERROR 200 for CORRECTIE-BENCHMARK (): No security definition has been found for the request
10:24:06 - INFO - IB-Feed: IB ERROR 200 for ORDN (EUR): No security definition has been found for the request
10:24:06 - INFO - IB-Feed: IB ERROR 200 for PLAN (USD): No security definition has been found for the request
10:55:28 - INFO - === Portfolio Viewer Started ===
10:55:29 - INFO - IB-Feed: IB ERROR 200 for CORRECTIE-BENCHMARK (): No security definition has been found for the request
10:55:29 - INFO - IB-Feed: IB ERROR 200 for PLAN (USD): No security definition has been found for the request
10:55:29 - INFO - IB-Feed: IB ERROR 200 for EOE (EUR): No security definition has been found for the request
10:55:29 - INFO - IB-Feed: IB ERROR 200 for ORDN (EUR): No security definition has been found for the request
11:35:27 - INFO - === Portfolio Viewer Started ===
11:35:28 - INFO - IB-Feed: IB ERROR 200 for ORDN (EUR): No security definition has been found for the request
11:35:28 - INFO - IB-Feed: IB ERROR 200 for PLAN (USD): No security definition has been found for the request
11:35:28 - INFO - IB-Feed: IB ERROR 200 for CORRECTIE-BENCHMARK (): No security definition has been found for the request
11:35:28 - INFO - IB-Feed: IB ERROR 200 for EOE (EUR): No security definition has been found for the request
11:35:33 - INFO - IB-Feed: IB ERROR 200: No security definition has been found for the request
11:37:09 - INFO - === Portfolio Viewer Started ===
11:37:11 - INFO - IB-Feed: IB ERROR 200 for CORRECTIE-BENCHMARK (): No security definition has been found for the request
11:37:11 - INFO - IB-Feed: IB ERROR 200 for EOE (EUR): No security definition has been found for the request
11:37:11 - INFO - IB-Feed: IB ERROR 200 for PLAN (USD): No security definition has been found for the request
11:37:11 - INFO - IB-Feed: IB ERROR 200 for ORDN (EUR): No security definition has been found for the request
11:39:06 - INFO - === Portfolio Viewer Started ===
11:39:11 - INFO - IB-Feed: IB ERROR 200 for CORRECTIE-BENCHMARK (): No security definition has been found for the request
11:39:11 - INFO - IB-Feed: IB ERROR 200 for PLAN (USD): No security definition has been found for the request
11:39:15 - INFO - IB-Feed: IB ERROR 200 for EOE (EUR): No security definition has been found for the request
11:39:15 - INFO - IB-Feed: IB ERROR 200 for ORDN (EUR): No security definition has been found for the request
11:42:16 - INFO - IB-Feed: IB ERROR 200: No security definition has been found for the request
11:43:15 - INFO - IB-Feed: IB ERROR 200: No security definition has been found for the request
11:43:44 - INFO - === Portfolio Viewer Started ===
11:43:45 - INFO - IB-Feed: IB ERROR 200 for PLAN (USD): No security definition has been found for the request
11:43:45 - INFO - IB-Feed: IB ERROR 200 for EOE (EUR): No security definition has been found for the request
11:43:45 - INFO - IB-Feed: IB ERROR 200 for ORDN (EUR): No security definition has been found for the request
11:43:45 - INFO - IB-Feed: IB ERROR 200 for CORRECTIE-BENCHMARK (): No security definition has been found for the request
11:49:51 - INFO - === Portfolio Viewer Started ===
11:49:53 - INFO - IB-Feed: IB-feed ready
11:49:53 - INFO - IB-Feed: IB ERROR 200 for PLAN (USD): No security definition has been found for the request
11:49:53 - INFO - IB-Feed: IB ERROR 200 for ORDN (EUR): No security definition has been found for the request
11:49:53 - INFO - IB-Feed: IB ERROR 200 for EOE (EUR): No security definition has been found for the request
11:49:53 - INFO - IB-Feed: IB ERROR 200 for CORRECTIE-BENCHMARK (): No security definition has been found for the request
15:24:02 - INFO - === Portfolio Viewer Started ===
15:24:04 - INFO - IB-Feed: IB-feed ready
15:24:04 - INFO - IB-Feed: IB ERROR 200 for CORRECTIE-BENCHMARK (): No security definition has been found for the request
15:24:04 - INFO - IB-Feed: IB ERROR 200 for EOE (EUR): No security definition has been found for the request
15:24:04 - INFO - IB-Feed: IB ERROR 200 for PLAN (USD): No security definition has been found for the request
15:24:04 - INFO - IB-Feed: IB ERROR 200 for ORDN (EUR): No security definition has been found for the request
15:33:26 - INFO - === Portfolio Viewer Started ===
15:33:27 - INFO - IB-Feed: IB-feed ready
15:33:27 - INFO - IB-Feed: IB ERROR 200 for CORRECTIE-BENCHMARK (): No security definition has been found for the request
15:33:27 - INFO - IB-Feed: IB ERROR 200 for EOE (EUR): No security definition has been found for the request
15:33:27 - INFO - IB-Feed: IB ERROR 200 for ORDN (EUR): No security definition has been found for the request
15:33:27 - INFO - IB-Feed: IB ERROR 200 for PLAN (USD): No security definition has been found for the request
16:50:00 - INFO - === Portfolio Viewer Started ===
16:50:01 - INFO - IB-Feed: IB-feed ready
16:50:01 - INFO - IB-Feed: IB ERROR 200 for CORRECTIE-BENCHMARK (): No security definition has been found for the request
16:50:01 - INFO - IB-Feed: IB ERROR 200 for ORDN (EUR): No security definition has been found for the request
16:50:01 - INFO - IB-Feed: IB ERROR 200 for PLAN (USD): No security definition has been found for the request
16:50:01 - INFO - IB-Feed: IB ERROR 200 for EOE (EUR): No security definition has been found for the request
17:15:17 - INFO - === Portfolio Viewer Started ===
17:15:19 - INFO - IB-Feed: IB-feed ready
17:15:21 - INFO - IB-Feed: IB ERROR 200 for ORDN (EUR): No security definition has been found for the request
17:15:21 - INFO - IB-Feed: IB ERROR 200 for PLAN (USD): No security definition has been found for the request
17:15:21 - INFO - IB-Feed: IB ERROR 200 for CORRECTIE-BENCHMARK (): No security definition has been found for the request
17:15:21 - INFO - IB-Feed: IB ERROR 200 for EOE (EUR): No security definition has been found for the request
20:36:00 - INFO - === Portfolio Viewer Started ===
20:36:02 - INFO - IB-Feed: IB ERROR 200 for ORDN (EUR): No security definition has been found for the request
20:36:02 - INFO - IB-Feed: IB ERROR 200 for PLAN (USD): No security definition has been found for the request
20:36:02 - INFO - IB-Feed: IB ERROR 200 for EOE (EUR): No security definition has been found for the request
20:36:02 - INFO - IB-Feed: IB ERROR 200 for CORRECTIE-BENCHMARK (): No security definition has been found for the request
20:38:31 - INFO - === Portfolio Viewer Started ===
20:38:33 - INFO - IB-Feed: IB ERROR 200 for CORRECTIE-BENCHMARK (): No security definition has been found for the request
20:38:33 - INFO - IB-Feed: IB ERROR 200 for PLAN (USD): No security definition has been found for the request
20:38:33 - INFO - IB-Feed: IB ERROR 200 for ORDN (EUR): No security definition has been found for the request
20:38:33 - INFO - IB-Feed: IB ERROR 200 for EOE (EUR): No security definition has been found for the request
20:40:17 - INFO - === Portfolio Viewer Started ===
20:40:18 - INFO - IB-Feed: IB-feed ready
20:40:21 - INFO - IB-Feed: IB ERROR 200 for PLAN (USD): No security definition has been found for the request
20:40:21 - INFO - IB-Feed: IB ERROR 200 for EOE (EUR): No security definition has been found for the request
20:40:21 - INFO - IB-Feed: IB ERROR 200 for CORRECTIE-BENCHMARK (): No security definition has been found for the request
20:40:21 - INFO - IB-Feed: IB ERROR 200 for ORDN (EUR): No security definition has been found for the request
20:40:30 - INFO - === Portfolio Viewer Started ===
20:40:31 - INFO - IB-Feed: IB ERROR 200 for PLAN (USD): No security definition has been found for the request
20:40:31 - INFO - IB-Feed: IB ERROR 200 for CORRECTIE-BENCHMARK (): No security definition has been found for the request
20:40:31 - INFO - IB-Feed: IB ERROR 200 for ORDN (EUR): No security definition has been found for the request
20:40:31 - INFO - IB-Feed: IB ERROR 200 for EOE (EUR): No security definition has been found for the request
20:45:24 - INFO - === Portfolio Viewer Started ===
20:45:25 - INFO - IB-Feed: IB ERROR 504 for AAPL (USD): Not connected
20:45:25 - INFO - IB-Feed: IB ERROR 504 for ECMPA (EUR): Not connected
20:45:25 - INFO - IB-Feed: IB ERROR 504 for REN (EUR): Not connected
20:45:25 - INFO - IB-Feed: IB ERROR 504 for RIO (USD): Not connected
20:45:25 - INFO - IB-Feed: IB ERROR 504 for PG (USD): Not connected
20:45:25 - INFO - IB-Feed: IB ERROR 504 for LIGHT (EUR): Not connected
20:45:25 - INFO - IB-Feed: IB ERROR 504 for MT (EUR): Not connected
20:45:25 - INFO - IB-Feed: IB ERROR 504 for ASML (EUR): Not connected
20:45:25 - INFO - IB-Feed: IB ERROR 504 for VALE (USD): Not connected
20:45:25 - INFO - IB-Feed: IB ERROR 504 for HOOD (USD): Not connected
20:45:25 - INFO - IB-Feed: IB ERROR 504 for NKE (USD): Not connected
20:45:25 - INFO - IB-Feed: IB ERROR 504 for NOW (USD): Not connected
20:45:25 - INFO - IB-Feed: IB ERROR 504 for ANET (USD): Not connected
20:45:25 - INFO - IB-Feed: IB ERROR 504 for ORDN (EUR): Not connected
20:45:25 - INFO - IB-Feed: IB ERROR 504 for VPK (EUR): Not connected
20:45:25 - INFO - IB-Feed: IB ERROR 504 for BN (EUR): Not connected
20:45:25 - INFO - IB-Feed: IB ERROR 504 for UNH (USD): Not connected
20:45:25 - INFO - IB-Feed: IB ERROR 504 for BP (USD): Not connected
20:45:25 - INFO - IB-Feed: IB ERROR 504 for MRK (USD): Not connected
20:45:25 - INFO - IB-Feed: IB ERROR 504 for UNA (EUR): Not connected
20:45:25 - INFO - IB-Feed: IB ERROR 504 for KO (USD): Not connected
20:45:25 - INFO - IB-Feed: IB ERROR 504 for PHIA (EUR): Not connected
20:45:25 - INFO - IB-Feed: IB ERROR 504 for PLTR (USD): Not connected
20:45:25 - INFO - IB-Feed: IB ERROR 504 for BABA (USD): Not connected
20:45:25 - INFO - IB-Feed: IB ERROR 504 for SHELL (EUR): Not connected
20:45:25 - INFO - IB-Feed: IB ERROR 504 for UPS (USD): Not connected
20:45:25 - INFO - IB-Feed: IB ERROR 504 for UMG (EUR): Not connected
20:45:25 - INFO - IB-Feed: IB ERROR 504 for IFX (EUR): Not connected
20:45:25 - INFO - IB-Feed: IB ERROR 504 for T (USD): Not connected
20:45:25 - INFO - IB-Feed: IB ERROR 504 for ABN (EUR): Not connected
20:45:25 - INFO - IB-Feed: IB ERROR 504 for BNP (EUR): Not connected
20:45:25 - INFO - IB-Feed: IB ERROR 504 for NVDA (USD): Not connected
20:45:25 - INFO - IB-Feed: IB ERROR 504 for GOOG (USD): Not connected
20:45:25 - INFO - IB-Feed: IB ERROR 504 for VOW (EUR): Not connected
20:45:25 - INFO - IB-Feed: IB ERROR 504 for AMD (USD): Not connected
20:45:25 - INFO - IB-Feed: IB ERROR 504 for JNJ (USD): Not connected
20:45:25 - INFO - IB-Feed: IB ERROR 504 for BAS (EUR): Not connected
20:45:25 - INFO - IB-Feed: IB ERROR 504 for MU (USD): Not connected
20:45:25 - INFO - IB-Feed: IB ERROR 504 for ASRNL (EUR): Not connected
20:45:25 - INFO - IB-Feed: IB ERROR 504 for PNL (EUR): Not connected
20:45:25 - INFO - IB-Feed: IB ERROR 504 for ASM (EUR): Not connected
20:45:25 - INFO - IB-Feed: IB ERROR 504 for WDS (USD): Not connected
20:45:25 - INFO - IB-Feed: IB ERROR 504 for INTC (USD): Not connected
20:45:25 - INFO - IB-Feed: IB ERROR 504 for INGA (EUR): Not connected
20:45:25 - INFO - IB-Feed: IB ERROR 504 for UVXY (USD): Not connected
20:45:25 - INFO - IB-Feed: IB ERROR 504 for BATS (GBP): Not connected
20:45:25 - INFO - IB-Feed: IB ERROR 504 for ENB (USD): Not connected
20:45:25 - INFO - IB-Feed: IB ERROR 504 for TBT (USD): Not connected
20:45:25 - INFO - IB-Feed: IB ERROR 504 for EOE (EUR): Not connected
20:45:25 - INFO - IB-Feed: IB ERROR 504 for EPD (USD): Not connected
20:45:25 - INFO - IB-Feed: IB ERROR 504 for VZ (USD): Not connected
20:45:26 - INFO - IB-Feed: IB ERROR 504 for BHP (USD): Not connected
20:45:26 - INFO - IB-Feed: IB ERROR 504 for HEIA (EUR): Not connected
20:45:26 - INFO - IB-Feed: IB ERROR 504 for META (USD): Not connected
20:45:26 - INFO - IB-Feed: IB ERROR 504 for VFC (USD): Not connected
20:45:26 - INFO - IB-Feed: IB ERROR 504 for NN (EUR): Not connected
20:45:26 - INFO - IB-Feed: IB ERROR 504 for CCJ (USD): Not connected
20:45:26 - INFO - IB-Feed: IB ERROR 504 for O (USD): Not connected
20:45:26 - INFO - IB-Feed: IB ERROR 504 for OKTA (USD): Not connected
20:45:26 - INFO - IB-Feed: IB ERROR 504 for UBER (USD): Not connected
20:45:26 - INFO - IB-Feed: IB ERROR 504 for KPN (EUR): Not connected
20:45:26 - INFO - IB-Feed: IB ERROR 504 for AGN (EUR): Not connected
20:45:26 - INFO - IB-Feed: IB ERROR 504 for NBIS (USD): Not connected
20:45:26 - INFO - IB-Feed: IB ERROR 504 for BMW (EUR): Not connected
20:45:26 - INFO - IB-Feed: IB ERROR 504 for DHL (EUR): Not connected
20:45:26 - INFO - IB-Feed: IB ERROR 504 for FDX (USD): Not connected
20:45:26 - INFO - IB-Feed: IB ERROR 504 for MMM (USD): Not connected
20:45:26 - INFO - IB-Feed: IB ERROR 504 for ALV (EUR): Not connected
20:45:26 - INFO - IB-Feed: IB ERROR 504 for WHA (EUR): Not connected
20:45:26 - INFO - IB-Feed: IB ERROR 504 for CORRECTIE-BENCHMARK (): Not connected
20:45:26 - INFO - IB-Feed: IB ERROR 504 for CL (USD): Not connected
20:45:26 - INFO - IB-Feed: IB ERROR 504 for APP (USD): Not connected
20:45:26 - INFO - IB-Feed: IB ERROR 504 for BESI (EUR): Not connected
20:45:26 - INFO - IB-Feed: IB ERROR 504 for AMZN (USD): Not connected
20:45:26 - INFO - IB-Feed: IB ERROR 504 for PANW (USD): Not connected
20:45:26 - INFO - IB-Feed: IB ERROR 504 for AD (EUR): Not connected
20:45:26 - INFO - IB-Feed: IB ERROR 504 for XLV (USD): Not connected
20:45:26 - INFO - IB-Feed: IB ERROR 504 for PRX (EUR): Not connected
20:45:26 - INFO - IB-Feed: IB ERROR 504 for WMT (USD): Not connected
20:45:26 - INFO - IB-Feed: IB ERROR 504 for URW (EUR): Not connected
20:45:26 - INFO - IB-Feed: IB ERROR 504 for PLAN (USD): Not connected
20:45:26 - INFO - IB-Feed: IB ERROR 504 for SNOW (USD): Not connected
20:45:26 - INFO - IB-Feed: IB ERROR 504 for RAND (EUR): Not connected
20:45:26 - INFO - IB-Feed: IB ERROR 504 for BTI (USD): Not connected
20:45:26 - INFO - IB-Feed: IB ERROR 504 for WKL (EUR): Not connected
20:45:26 - INFO - IB-Feed: IB ERROR 504 for MDT (USD): Not connected
20:45:26 - INFO - IB-Feed: IB ERROR 504 for TKWY (EUR): Not connected
20:45:26 - INFO - IB-Feed: IB ERROR 504 for OXY (USD): Not connected
20:45:26 - INFO - IB-Feed: IB ERROR 326: Unable to connect as the client id is already in use. Retry with a unique client id.
20:49:47 - INFO - === Portfolio Viewer Started ===
20:49:49 - INFO - IB-Feed: IB-feed ready
20:49:49 - INFO - IB-Feed: IB ERROR 200 for PLAN (USD): No security definition has been found for the request
20:49:49 - INFO - IB-Feed: IB ERROR 200 for CORRECTIE-BENCHMARK (): No security definition has been found for the request
20:49:49 - INFO - IB-Feed: IB ERROR 200 for ORDN (EUR): No security definition has been found for the request
20:49:49 - INFO - IB-Feed: IB ERROR 200 for EOE (EUR): No security definition has been found for the request
20:53:44 - INFO - === Portfolio Viewer Started ===
20:53:45 - INFO - IB-Feed: IB-feed ready
20:53:45 - INFO - IB-Feed: IB ERROR 200 for ORDN (EUR): No security definition has been found for the request
20:53:45 - INFO - IB-Feed: IB ERROR 200 for EOE (EUR): No security definition has been found for the request
20:53:45 - INFO - IB-Feed: IB ERROR 200 for PLAN (USD): No security definition has been found for the request
20:53:45 - INFO - IB-Feed: IB ERROR 200 for CORRECTIE-BENCHMARK (): No security definition has been found for the request
20:55:24 - INFO - IB-Feed: IB ERROR 200: No security definition has been found for the request
20:55:24 - INFO - IB-Feed: IB ERROR 200: No security definition has been found for the request
20:57:24 - INFO - IB-Feed: IB ERROR 200: No security definition has been found for the request
20:57:25 - INFO - IB-Feed: IB ERROR 200: No security definition has been found for the request
20:57:25 - INFO - IB-Feed: IB ERROR 200: No security definition has been found for the request
20:57:25 - INFO - IB-Feed: IB ERROR 200: No security definition has been found for the request
20:57:25 - INFO - IB-Feed: IB ERROR 200: No security definition has been found for the request
20:57:25 - INFO - IB-Feed: IB ERROR 200: No security definition has been found for the request
20:57:25 - INFO - IB-Feed: IB ERROR 200: No security definition has been found for the request
20:57:25 - INFO - IB-Feed: IB ERROR 200: No security definition has been found for the request
20:57:25 - INFO - IB-Feed: IB ERROR 200: No security definition has been found for the request
20:57:25 - INFO - IB-Feed: IB ERROR 200: No security definition has been found for the request
20:57:25 - INFO - IB-Feed: IB ERROR 200: No security definition has been found for the request
20:57:26 - INFO - IB-Feed: IB ERROR 200: No security definition has been found for the request
