00:01:34 - INFO - === Portfolio Viewer Started ===
00:01:36 - INFO - IB-Feed: IB ERROR 200: No security definition has been found for the request
00:01:36 - INFO - IB-Feed: IB ERROR 200: No security definition has been found for the request
00:01:36 - INFO - IB-Feed: IB ERROR 200: No security definition has been found for the request
00:01:36 - INFO - IB-Feed: IB ERROR 200: No security definition has been found for the request
00:02:49 - INFO - === Portfolio Viewer Started ===
00:02:51 - INFO - IB-Feed: IB ERROR 200: No security definition has been found for the request
00:02:51 - INFO - IB-Feed: IB ERROR 200: No security definition has been found for the request
00:02:51 - INFO - IB-Feed: IB ERROR 200: No security definition has been found for the request
00:02:51 - INFO - IB-Feed: IB ERROR 200: No security definition has been found for the request
00:05:46 - INFO - === Portfolio Viewer Started ===
00:05:48 - INFO - IB-Feed: IB ERROR 200: No security definition has been found for the request
00:05:49 - INFO - IB-Feed: IB ERROR 200: No security definition has been found for the request
00:05:49 - INFO - IB-Feed: IB ERROR 200: No security definition has been found for the request
00:05:49 - INFO - IB-Feed: IB ERROR 200: No security definition has been found for the request
00:24:31 - INFO - === Portfolio Viewer Started ===
00:24:33 - INFO - IB-Feed: IB ERROR 200: No security definition has been found for the request
00:24:33 - INFO - IB-Feed: IB ERROR 200: No security definition has been found for the request
00:24:33 - INFO - IB-Feed: IB ERROR 200: No security definition has been found for the request
00:24:33 - INFO - IB-Feed: IB ERROR 200: No security definition has been found for the request
00:25:39 - INFO - === Portfolio Viewer Started ===
00:25:40 - INFO - IB-Feed: IB ERROR 200: No security definition has been found for the request
00:25:41 - INFO - IB-Feed: IB ERROR 200: No security definition has been found for the request
00:25:41 - INFO - IB-Feed: IB ERROR 200: No security definition has been found for the request
00:25:41 - INFO - IB-Feed: IB ERROR 200: No security definition has been found for the request
00:28:44 - INFO - === Portfolio Viewer Started ===
00:28:46 - INFO - IB-Feed: IB ERROR 200: No security definition has been found for the request
00:28:46 - INFO - IB-Feed: IB ERROR 200: No security definition has been found for the request
00:28:46 - INFO - IB-Feed: IB ERROR 200: No security definition has been found for the request
00:28:47 - INFO - IB-Feed: IB ERROR 200: No security definition has been found for the request
00:31:22 - INFO - === Portfolio Viewer Started ===
00:31:24 - INFO - IB-Feed: IB ERROR 200: No security definition has been found for the request
00:31:24 - INFO - IB-Feed: IB ERROR 200: No security definition has been found for the request
00:31:25 - INFO - IB-Feed: IB ERROR 200: No security definition has been found for the request
00:31:25 - INFO - IB-Feed: IB ERROR 200: No security definition has been found for the request
00:32:24 - INFO - === Portfolio Viewer Started ===
00:32:26 - INFO - IB-Feed: IB ERROR 200: No security definition has been found for the request
00:32:26 - INFO - IB-Feed: IB ERROR 200: No security definition has been found for the request
00:32:26 - INFO - IB-Feed: IB ERROR 200: No security definition has been found for the request
00:32:27 - INFO - IB-Feed: IB ERROR 200: No security definition has been found for the request
00:36:05 - INFO - === Portfolio Viewer Started ===
00:38:39 - INFO - === Portfolio Viewer Started ===
00:38:40 - INFO - IB-Feed: IB ERROR 200: No security definition has been found for the request
00:38:41 - INFO - IB-Feed: IB ERROR 200: No security definition has been found for the request
00:38:41 - INFO - IB-Feed: IB ERROR 200: No security definition has been found for the request
00:38:41 - INFO - IB-Feed: IB ERROR 200: No security definition has been found for the request
00:39:14 - INFO - === Portfolio Viewer Started ===
00:44:52 - INFO - === Portfolio Viewer Started ===
00:45:50 - INFO - === Portfolio Viewer Started ===
00:45:52 - INFO - IB-Feed: IB ERROR 200: No security definition has been found for the request
00:46:31 - INFO - === Portfolio Viewer Started ===
00:46:33 - INFO - IB-Feed: IB ERROR 200: No security definition has been found for the request
00:47:16 - INFO - === Portfolio Viewer Started ===
00:47:18 - INFO - IB-Feed: IB ERROR 200: No security definition has been found for the request
00:49:30 - INFO - === Portfolio Viewer Started ===
09:09:07 - INFO - === Portfolio Viewer Started ===
09:19:06 - INFO - === Portfolio Viewer Started ===
09:19:08 - INFO - IB-Feed: IB ERROR 200: No security definition has been found for the request
09:20:41 - INFO - === Portfolio Viewer Started ===
09:25:48 - INFO - === Portfolio Viewer Started ===
09:30:39 - INFO - === Portfolio Viewer Started ===
09:30:40 - INFO - IB-Feed: IB ERROR 200: No security definition has been found for the request
09:30:40 - INFO - IB-Feed: IB ERROR 200: No security definition has been found for the request
09:31:39 - INFO - === Portfolio Viewer Started ===
09:42:14 - INFO - === Portfolio Viewer Started ===
09:42:15 - INFO - IB-Feed: IB ERROR 200: No security definition has been found for the request
10:04:06 - INFO - === Portfolio Viewer Started ===
10:10:36 - INFO - === Portfolio Viewer Started ===
10:16:09 - INFO - === Portfolio Viewer Started ===
10:16:11 - INFO - IB-Feed: IB ERROR 200: No security definition has been found for the request
10:56:15 - INFO - === Portfolio Viewer Started ===
10:56:25 - INFO - IB-Feed: IB ERROR 200: No security definition has been found for the request
10:57:22 - INFO - === Portfolio Viewer Started ===
10:57:32 - INFO - IB-Feed: IB ERROR 200: No security definition has been found for the request
10:59:16 - INFO - === Portfolio Viewer Started ===
10:59:26 - INFO - IB-Feed: IB ERROR 200: No security definition has been found for the request
10:59:26 - INFO - IB-Feed: IB ERROR 200: No security definition has been found for the request
11:08:01 - INFO - === Portfolio Viewer Started ===
11:08:03 - INFO - IB-Feed: IB ERROR 200: No security definition has been found for the request
11:08:03 - INFO - IB-Feed: IB ERROR 200: No security definition has been found for the request
11:08:03 - INFO - IB-Feed: IB ERROR 200: No security definition has been found for the request
11:08:03 - INFO - IB-Feed: IB ERROR 200: No security definition has been found for the request
11:16:48 - INFO - === Portfolio Viewer Started ===
11:16:50 - INFO - IB-Feed: IB ERROR 200: No security definition has been found for the request
11:16:50 - INFO - IB-Feed: IB ERROR 200: No security definition has been found for the request
11:16:50 - INFO - IB-Feed: IB ERROR 200: No security definition has been found for the request
11:16:50 - INFO - IB-Feed: IB ERROR 200: No security definition has been found for the request
11:22:36 - INFO - === Portfolio Viewer Started ===
11:22:38 - INFO - IB-Feed: IB ERROR 200: No security definition has been found for the request
11:22:38 - INFO - IB-Feed: IB ERROR 200: No security definition has been found for the request
11:22:38 - INFO - IB-Feed: IB ERROR 200: No security definition has been found for the request
11:22:38 - INFO - IB-Feed: IB ERROR 200: No security definition has been found for the request
11:27:17 - INFO - === Portfolio Viewer Started ===
11:27:19 - INFO - IB-Feed: IB ERROR 200: No security definition has been found for the request
11:27:19 - INFO - IB-Feed: IB ERROR 200: No security definition has been found for the request
11:27:19 - INFO - IB-Feed: IB ERROR 200: No security definition has been found for the request
11:27:19 - INFO - IB-Feed: IB ERROR 200: No security definition has been found for the request
11:32:50 - INFO - === Portfolio Viewer Started ===
11:32:51 - INFO - IB-Feed: IB ERROR 200: No security definition has been found for the request
11:32:51 - INFO - IB-Feed: IB ERROR 200: No security definition has been found for the request
11:32:51 - INFO - IB-Feed: IB ERROR 200: No security definition has been found for the request
11:32:51 - INFO - IB-Feed: IB ERROR 200: No security definition has been found for the request
11:59:17 - INFO - === Portfolio Viewer Started ===
11:59:18 - INFO - IB-Feed: IB ERROR 200: No security definition has been found for the request
11:59:18 - INFO - IB-Feed: IB ERROR 200: No security definition has been found for the request
11:59:18 - INFO - IB-Feed: IB ERROR 200: No security definition has been found for the request
11:59:18 - INFO - IB-Feed: IB ERROR 200: No security definition has been found for the request
12:05:38 - INFO - === Portfolio Viewer Started ===
12:05:40 - INFO - IB-Feed: IB ERROR 200: No security definition has been found for the request
12:05:40 - INFO - IB-Feed: IB ERROR 200: No security definition has been found for the request
12:05:40 - INFO - IB-Feed: IB ERROR 200: No security definition has been found for the request
12:05:40 - INFO - IB-Feed: IB ERROR 200: No security definition has been found for the request
12:06:48 - INFO - === Portfolio Viewer Started ===
12:06:49 - INFO - IB-Feed: IB ERROR 200: No security definition has been found for the request
12:06:49 - INFO - IB-Feed: IB ERROR 200: No security definition has been found for the request
12:06:49 - INFO - IB-Feed: IB ERROR 200: No security definition has been found for the request
12:06:49 - INFO - IB-Feed: IB ERROR 200: No security definition has been found for the request
12:07:16 - INFO - === Portfolio Viewer Started ===
12:07:18 - INFO - IB-Feed: IB ERROR 200: No security definition has been found for the request
12:07:18 - INFO - IB-Feed: IB ERROR 200: No security definition has been found for the request
12:07:18 - INFO - IB-Feed: IB ERROR 200: No security definition has been found for the request
12:07:18 - INFO - IB-Feed: IB ERROR 200: No security definition has been found for the request
12:08:06 - INFO - === Portfolio Viewer Started ===
12:08:08 - INFO - IB-Feed: IB ERROR 200: No security definition has been found for the request
12:08:08 - INFO - IB-Feed: IB ERROR 200: No security definition has been found for the request
12:08:08 - INFO - IB-Feed: IB ERROR 200: No security definition has been found for the request
12:08:08 - INFO - IB-Feed: IB ERROR 200: No security definition has been found for the request
12:10:38 - INFO - === Portfolio Viewer Started ===
12:10:40 - INFO - IB-Feed: IB ERROR 200: No security definition has been found for the request
12:10:40 - INFO - IB-Feed: IB ERROR 200: No security definition has been found for the request
12:10:40 - INFO - IB-Feed: IB ERROR 200: No security definition has been found for the request
12:10:40 - INFO - IB-Feed: IB ERROR 200: No security definition has been found for the request
12:12:01 - INFO - === Portfolio Viewer Started ===
12:12:03 - INFO - IB-Feed: IB ERROR 200: No security definition has been found for the request
12:12:03 - INFO - IB-Feed: IB ERROR 200: No security definition has been found for the request
12:12:03 - INFO - IB-Feed: IB ERROR 200: No security definition has been found for the request
12:12:03 - INFO - IB-Feed: IB ERROR 200: No security definition has been found for the request
12:13:12 - INFO - === Portfolio Viewer Started ===
12:13:14 - INFO - IB-Feed: IB ERROR 200: No security definition has been found for the request
12:13:14 - INFO - IB-Feed: IB ERROR 200: No security definition has been found for the request
12:13:14 - INFO - IB-Feed: IB ERROR 200: No security definition has been found for the request
12:13:14 - INFO - IB-Feed: IB ERROR 200: No security definition has been found for the request
12:13:36 - INFO - === Portfolio Viewer Started ===
12:13:38 - INFO - IB-Feed: IB ERROR 200: No security definition has been found for the request
12:13:38 - INFO - IB-Feed: IB ERROR 200: No security definition has been found for the request
12:13:38 - INFO - IB-Feed: IB ERROR 200: No security definition has been found for the request
12:13:38 - INFO - IB-Feed: IB ERROR 200: No security definition has been found for the request
12:14:48 - INFO - === Portfolio Viewer Started ===
12:14:50 - INFO - IB-Feed: IB ERROR 200: No security definition has been found for the request
12:14:50 - INFO - IB-Feed: IB ERROR 200: No security definition has been found for the request
12:14:50 - INFO - IB-Feed: IB ERROR 200: No security definition has been found for the request
12:14:50 - INFO - IB-Feed: IB ERROR 200: No security definition has been found for the request
12:50:14 - INFO - === Portfolio Viewer Started ===
12:50:17 - INFO - IB-Feed: IB ERROR 200: No security definition has been found for the request
12:50:17 - INFO - IB-Feed: IB ERROR 200: No security definition has been found for the request
12:50:17 - INFO - IB-Feed: IB ERROR 200: No security definition has been found for the request
12:50:17 - INFO - IB-Feed: IB ERROR 200: No security definition has been found for the request
12:56:51 - INFO - === Portfolio Viewer Started ===
12:56:53 - INFO - IB-Feed: IB ERROR 200: No security definition has been found for the request
12:56:53 - INFO - IB-Feed: IB ERROR 200: No security definition has been found for the request
12:56:53 - INFO - IB-Feed: IB ERROR 200: No security definition has been found for the request
12:56:53 - INFO - IB-Feed: IB ERROR 200: No security definition has been found for the request
13:12:17 - INFO - === Portfolio Viewer Started ===
13:12:18 - INFO - IB-Feed: IB ERROR 200: No security definition has been found for the request
13:12:18 - INFO - IB-Feed: IB ERROR 200: No security definition has been found for the request
13:12:19 - INFO - IB-Feed: IB ERROR 200: No security definition has been found for the request
13:12:19 - INFO - IB-Feed: IB ERROR 200: No security definition has been found for the request
13:21:24 - INFO - === Portfolio Viewer Started ===
13:21:25 - INFO - IB-Feed: IB ERROR 200: No security definition has been found for the request
13:21:25 - INFO - IB-Feed: IB ERROR 200: No security definition has been found for the request
13:21:25 - INFO - IB-Feed: IB ERROR 200: No security definition has been found for the request
13:21:26 - INFO - IB-Feed: IB ERROR 200: No security definition has been found for the request
13:26:39 - INFO - === Portfolio Viewer Started ===
13:26:41 - INFO - IB-Feed: IB ERROR 200: No security definition has been found for the request
13:26:41 - INFO - IB-Feed: IB ERROR 200: No security definition has been found for the request
13:26:41 - INFO - IB-Feed: IB ERROR 200: No security definition has been found for the request
13:26:41 - INFO - IB-Feed: IB ERROR 200: No security definition has been found for the request
13:30:08 - INFO - === Portfolio Viewer Started ===
13:30:09 - INFO - IB-Feed: IB ERROR 200: No security definition has been found for the request
13:30:09 - INFO - IB-Feed: IB ERROR 200: No security definition has been found for the request
13:30:09 - INFO - IB-Feed: IB ERROR 200: No security definition has been found for the request
13:30:09 - INFO - IB-Feed: IB ERROR 200: No security definition has been found for the request
13:32:13 - INFO - === Portfolio Viewer Started ===
13:32:14 - INFO - IB-Feed: IB ERROR 200: No security definition has been found for the request
13:32:14 - INFO - IB-Feed: IB ERROR 200: No security definition has been found for the request
13:32:14 - INFO - IB-Feed: IB ERROR 200: No security definition has been found for the request
13:32:15 - INFO - IB-Feed: IB ERROR 200: No security definition has been found for the request
13:46:51 - INFO - === Portfolio Viewer Started ===
13:46:53 - INFO - IB-Feed: IB ERROR 200: No security definition has been found for the request
13:46:53 - INFO - IB-Feed: IB ERROR 200: No security definition has been found for the request
13:46:53 - INFO - IB-Feed: IB ERROR 200: No security definition has been found for the request
13:46:53 - INFO - IB-Feed: IB ERROR 200: No security definition has been found for the request
13:57:49 - INFO - === Portfolio Viewer Started ===
13:57:50 - INFO - IB-Feed: IB ERROR 200: No security definition has been found for the request
13:57:50 - INFO - IB-Feed: IB ERROR 200: No security definition has been found for the request
13:57:50 - INFO - IB-Feed: IB ERROR 200: No security definition has been found for the request
13:57:50 - INFO - IB-Feed: IB ERROR 200: No security definition has been found for the request
14:10:38 - INFO - === Portfolio Viewer Started ===
14:10:40 - INFO - IB-Feed: IB ERROR 200: No security definition has been found for the request
14:10:40 - INFO - IB-Feed: IB ERROR 200: No security definition has been found for the request
14:10:40 - INFO - IB-Feed: IB ERROR 200: No security definition has been found for the request
14:10:40 - INFO - IB-Feed: IB ERROR 200: No security definition has been found for the request
14:37:50 - INFO - === Portfolio Viewer Started ===
14:37:52 - INFO - IB-Feed: IB ERROR 200: No security definition has been found for the request
14:37:52 - INFO - IB-Feed: IB ERROR 200: No security definition has been found for the request
14:37:52 - INFO - IB-Feed: IB ERROR 200: No security definition has been found for the request
14:37:52 - INFO - IB-Feed: IB ERROR 200: No security definition has been found for the request
14:39:12 - INFO - === Portfolio Viewer Started ===
14:39:14 - INFO - IB-Feed: IB ERROR 200: No security definition has been found for the request
14:39:14 - INFO - IB-Feed: IB ERROR 200: No security definition has been found for the request
14:39:14 - INFO - IB-Feed: IB ERROR 200: No security definition has been found for the request
14:39:14 - INFO - IB-Feed: IB ERROR 200: No security definition has been found for the request
14:48:25 - INFO - === Portfolio Viewer Started ===
14:48:27 - INFO - IB-Feed: IB ERROR 200: No security definition has been found for the request
14:48:27 - INFO - IB-Feed: IB ERROR 200: No security definition has been found for the request
14:48:27 - INFO - IB-Feed: IB ERROR 200: No security definition has been found for the request
14:48:27 - INFO - IB-Feed: IB ERROR 200: No security definition has been found for the request
15:17:30 - INFO - === Portfolio Viewer Started ===
15:17:32 - INFO - IB-Feed: IB ERROR 200: No security definition has been found for the request
15:17:32 - INFO - IB-Feed: IB ERROR 200: No security definition has been found for the request
15:17:32 - INFO - IB-Feed: IB ERROR 200: No security definition has been found for the request
15:17:33 - INFO - IB-Feed: IB ERROR 200: No security definition has been found for the request
15:23:58 - INFO - === Portfolio Viewer Started ===
15:24:00 - INFO - IB-Feed: IB ERROR 200: No security definition has been found for the request
15:24:00 - INFO - IB-Feed: IB ERROR 200: No security definition has been found for the request
15:24:00 - INFO - IB-Feed: IB ERROR 200: No security definition has been found for the request
15:24:00 - INFO - IB-Feed: IB ERROR 200: No security definition has been found for the request
15:24:18 - INFO - === Portfolio Viewer Started ===
15:24:20 - INFO - IB-Feed: IB ERROR 200: No security definition has been found for the request
15:24:20 - INFO - IB-Feed: IB ERROR 200: No security definition has been found for the request
15:24:20 - INFO - IB-Feed: IB ERROR 200: No security definition has been found for the request
15:24:20 - INFO - IB-Feed: IB ERROR 200: No security definition has been found for the request
16:11:39 - INFO - IB-Feed: IB ERROR 1100: Connectivity between LYNX - Beleggen met een Voorsprong and LYNX - Handelsplatform has been lost.
16:11:42 - INFO - IB-Feed: IB ERROR 2157: Sec-def data farm connection is broken:secdefnj
16:11:42 - INFO - IB-Feed: IB ERROR 2105: HMDS data farm connection is broken:ushmds
16:12:13 - INFO - IB-Feed: IB ERROR 1102: Connectivity between LYNX - Beleggen met een Voorsprong and LYNX - Handelsplatform has been restored - data maintained. The following farms are connected: cafarm; hfarm; eufarmnj; cashfarm; uscrypto; usfuture; jfarm; usfarm.nj; eufarm; usopt; usfarm; ushmds; secdefnj. The following farms are not connected: euhmds.
16:21:39 - INFO - === Portfolio Viewer Started ===
16:21:40 - INFO - IB-Feed: IB ERROR 200: No security definition has been found for the request
16:21:40 - INFO - IB-Feed: IB ERROR 200: No security definition has been found for the request
16:21:40 - INFO - IB-Feed: IB ERROR 200: No security definition has been found for the request
16:21:40 - INFO - IB-Feed: IB ERROR 200: No security definition has been found for the request
17:26:05 - INFO - === Portfolio Viewer Started ===
17:26:06 - INFO - IB-Feed: IB-feed ready
17:26:06 - INFO - IB-Feed: IB ERROR 200: No security definition has been found for the request
17:26:06 - INFO - IB-Feed: IB ERROR 200: No security definition has been found for the request
17:26:06 - INFO - IB-Feed: IB ERROR 200: No security definition has been found for the request
17:26:06 - INFO - IB-Feed: IB ERROR 200: No security definition has been found for the request
17:26:56 - INFO - === Portfolio Viewer Started ===
17:26:57 - INFO - IB-Feed: IB ERROR 200: No security definition has been found for the request
17:26:57 - INFO - IB-Feed: IB ERROR 200: No security definition has been found for the request
17:26:57 - INFO - IB-Feed: IB ERROR 200: No security definition has been found for the request
17:26:57 - INFO - IB-Feed: IB ERROR 200: No security definition has been found for the request
17:29:05 - INFO - === Portfolio Viewer Started ===
17:29:07 - INFO - IB-Feed: IB ERROR 200: No security definition has been found for the request
17:29:07 - INFO - IB-Feed: IB ERROR 200: No security definition has been found for the request
17:29:07 - INFO - IB-Feed: IB ERROR 200: No security definition has been found for the request
17:29:07 - INFO - IB-Feed: IB ERROR 200: No security definition has been found for the request
17:32:40 - INFO - === Portfolio Viewer Started ===
17:32:42 - INFO - IB-Feed: IB ERROR 200: No security definition has been found for the request
17:32:42 - INFO - IB-Feed: IB ERROR 200: No security definition has been found for the request
17:32:42 - INFO - IB-Feed: IB ERROR 200: No security definition has been found for the request
17:32:42 - INFO - IB-Feed: IB ERROR 200: No security definition has been found for the request
17:33:32 - INFO - === Portfolio Viewer Started ===
17:33:34 - INFO - IB-Feed: IB ERROR 200: No security definition has been found for the request
17:33:34 - INFO - IB-Feed: IB ERROR 200: No security definition has been found for the request
17:33:34 - INFO - IB-Feed: IB ERROR 200: No security definition has been found for the request
17:33:34 - INFO - IB-Feed: IB ERROR 200: No security definition has been found for the request
17:35:40 - INFO - === Portfolio Viewer Started ===
17:35:41 - INFO - IB-Feed: IB ERROR 200: No security definition has been found for the request
17:35:41 - INFO - IB-Feed: IB ERROR 200: No security definition has been found for the request
17:35:41 - INFO - IB-Feed: IB ERROR 200: No security definition has been found for the request
17:35:41 - INFO - IB-Feed: IB ERROR 200: No security definition has been found for the request
17:36:16 - INFO - === Portfolio Viewer Started ===
17:36:18 - INFO - IB-Feed: IB ERROR 200: No security definition has been found for the request
17:36:18 - INFO - IB-Feed: IB ERROR 200: No security definition has been found for the request
17:36:18 - INFO - IB-Feed: IB ERROR 200: No security definition has been found for the request
17:36:18 - INFO - IB-Feed: IB ERROR 200: No security definition has been found for the request
17:45:32 - INFO - === Portfolio Viewer Started ===
17:45:33 - INFO - IB-Feed: IB ERROR 200 for EOE (EUR): No security definition has been found for the request
17:45:33 - INFO - IB-Feed: IB ERROR 200 for ORDN (EUR): No security definition has been found for the request
17:45:33 - INFO - IB-Feed: IB ERROR 200 for PLAN (USD): No security definition has been found for the request
17:45:33 - INFO - IB-Feed: IB ERROR 200 for CORRECTIE-BENCHMARK (): No security definition has been found for the request
17:55:34 - INFO - === Portfolio Viewer Started ===
17:55:36 - INFO - IB-Feed: IB ERROR 200 for ORDN (EUR): No security definition has been found for the request
17:55:36 - INFO - IB-Feed: IB ERROR 200 for PLAN (USD): No security definition has been found for the request
17:55:36 - INFO - IB-Feed: IB ERROR 200 for CORRECTIE-BENCHMARK (): No security definition has been found for the request
17:55:36 - INFO - IB-Feed: IB ERROR 200 for EOE (EUR): No security definition has been found for the request
21:36:07 - INFO - === Portfolio Viewer Started ===
21:36:10 - INFO - IB-Feed: IB ERROR 200 for EOE (EUR): No security definition has been found for the request
21:36:10 - INFO - IB-Feed: IB ERROR 200 for PLAN (USD): No security definition has been found for the request
21:36:10 - INFO - IB-Feed: IB ERROR 200 for CORRECTIE-BENCHMARK (): No security definition has been found for the request
21:36:10 - INFO - IB-Feed: IB ERROR 200 for ORDN (EUR): No security definition has been found for the request
22:21:53 - INFO - === Portfolio Viewer Started ===
22:30:55 - INFO - === Portfolio Viewer Started ===
22:31:05 - INFO - === Portfolio Viewer Started ===
22:32:17 - INFO - === Portfolio Viewer Started ===
22:32:53 - INFO - === Portfolio Viewer Started ===
22:32:53 - INFO - IB-Feed: IB ERROR 504 for VZ (USD): Not connected
22:32:53 - INFO - IB-Feed: IB ERROR 504 for PANW (USD): Not connected
22:32:53 - INFO - IB-Feed: IB ERROR 504 for NKE (USD): Not connected
22:32:53 - INFO - IB-Feed: IB ERROR 504 for VPK (EUR): Not connected
22:32:53 - INFO - IB-Feed: IB ERROR 504 for ENB (USD): Not connected
22:32:53 - INFO - IB-Feed: IB ERROR 504 for BTI (USD): Not connected
22:32:53 - INFO - IB-Feed: IB ERROR 504 for ASRNL (EUR): Not connected
22:32:53 - INFO - IB-Feed: IB ERROR 504 for ORDN (EUR): Not connected
22:32:53 - INFO - IB-Feed: IB ERROR 504 for ANET (USD): Not connected
22:32:53 - INFO - IB-Feed: IB ERROR 504 for TBT (USD): Not connected
22:32:53 - INFO - IB-Feed: IB ERROR 504 for BN (EUR): Not connected
22:32:53 - INFO - IB-Feed: IB ERROR 504 for DHL (EUR): Not connected
22:32:53 - INFO - IB-Feed: IB ERROR 504 for ECMPA (EUR): Not connected
22:32:53 - INFO - IB-Feed: IB ERROR 504 for WKL (EUR): Not connected
22:32:53 - INFO - IB-Feed: IB ERROR 504 for ASM (EUR): Not connected
22:32:53 - INFO - IB-Feed: IB ERROR 504 for OXY (USD): Not connected
22:32:53 - INFO - IB-Feed: IB ERROR 504 for INGA (EUR): Not connected
22:32:53 - INFO - IB-Feed: IB ERROR 504 for EOE (EUR): Not connected
22:32:53 - INFO - IB-Feed: IB ERROR 504 for BATS (GBP): Not connected
22:32:53 - INFO - IB-Feed: IB ERROR 504 for BNP (EUR): Not connected
22:32:53 - INFO - IB-Feed: IB ERROR 504 for RAND (EUR): Not connected
22:32:53 - INFO - IB-Feed: IB ERROR 504 for HOOD (USD): Not connected
22:32:53 - INFO - IB-Feed: IB ERROR 504 for PG (USD): Not connected
22:32:53 - INFO - IB-Feed: IB ERROR 504 for VALE (USD): Not connected
22:32:54 - INFO - IB-Feed: IB ERROR 504 for HEIA (EUR): Not connected
22:32:54 - INFO - IB-Feed: IB ERROR 504 for AMZN (USD): Not connected
22:32:54 - INFO - IB-Feed: IB ERROR 504 for NVDA (USD): Not connected
22:32:54 - INFO - IB-Feed: IB ERROR 504 for REN (EUR): Not connected
22:32:54 - INFO - IB-Feed: IB ERROR 504 for INTC (USD): Not connected
22:32:54 - INFO - IB-Feed: IB ERROR 504 for CCJ (USD): Not connected
22:32:54 - INFO - IB-Feed: IB ERROR 504 for NN (EUR): Not connected
22:32:54 - INFO - IB-Feed: IB ERROR 504 for RIO (USD): Not connected
22:32:54 - INFO - IB-Feed: IB ERROR 504 for ABN (EUR): Not connected
22:32:54 - INFO - IB-Feed: IB ERROR 504 for BAYN (EUR): Not connected
22:32:54 - INFO - IB-Feed: IB ERROR 504 for XLV (USD): Not connected
22:32:54 - INFO - IB-Feed: IB ERROR 504 for AMD (USD): Not connected
22:32:54 - INFO - IB-Feed: IB ERROR 504 for NOW (USD): Not connected
22:32:54 - INFO - IB-Feed: IB ERROR 504 for PNL (EUR): Not connected
22:32:54 - INFO - IB-Feed: IB ERROR 504 for WDS (USD): Not connected
22:32:54 - INFO - IB-Feed: IB ERROR 504 for UPS (USD): Not connected
22:32:54 - INFO - IB-Feed: IB ERROR 504 for BABA (USD): Not connected
22:32:54 - INFO - IB-Feed: IB ERROR 504 for VOW (EUR): Not connected
22:32:54 - INFO - IB-Feed: IB ERROR 504 for KPN (EUR): Not connected
22:32:54 - INFO - IB-Feed: IB ERROR 504 for BESI (EUR): Not connected
22:32:54 - INFO - IB-Feed: IB ERROR 504 for IFX (EUR): Not connected
22:32:54 - INFO - IB-Feed: IB ERROR 504 for SHELL (EUR): Not connected
22:32:54 - INFO - IB-Feed: IB ERROR 504 for PHIA (EUR): Not connected
22:32:54 - INFO - IB-Feed: IB ERROR 504 for MU (USD): Not connected
22:32:54 - INFO - IB-Feed: IB ERROR 504 for AD (EUR): Not connected
22:32:54 - INFO - IB-Feed: IB ERROR 504 for AAPL (USD): Not connected
22:32:54 - INFO - IB-Feed: IB ERROR 504 for WMT (USD): Not connected
22:32:54 - INFO - IB-Feed: IB ERROR 504 for FDX (USD): Not connected
22:32:54 - INFO - IB-Feed: IB ERROR 504 for UVXY (USD): Not connected
22:32:54 - INFO - IB-Feed: IB ERROR 504 for WHA (EUR): Not connected
22:32:54 - INFO - IB-Feed: IB ERROR 504 for UMG (EUR): Not connected
22:32:54 - INFO - IB-Feed: IB ERROR 504 for PLTR (USD): Not connected
22:32:54 - INFO - IB-Feed: IB ERROR 504 for VFC (USD): Not connected
22:32:54 - INFO - IB-Feed: IB ERROR 504 for ASML (EUR): Not connected
22:32:54 - INFO - IB-Feed: IB ERROR 504 for MRK (USD): Not connected
22:32:54 - INFO - IB-Feed: IB ERROR 504 for ALV (EUR): Not connected
22:32:54 - INFO - IB-Feed: IB ERROR 504 for BAS (EUR): Not connected
22:32:54 - INFO - IB-Feed: IB ERROR 504 for OKTA (USD): Not connected
22:32:54 - INFO - IB-Feed: IB ERROR 504 for AGN (EUR): Not connected
22:32:54 - INFO - IB-Feed: IB ERROR 504 for BP (USD): Not connected
22:32:54 - INFO - IB-Feed: IB ERROR 504 for MDT (USD): Not connected
22:32:54 - INFO - IB-Feed: IB ERROR 504 for BMW (EUR): Not connected
22:32:54 - INFO - IB-Feed: IB ERROR 504 for LIGHT (EUR): Not connected
22:32:54 - INFO - IB-Feed: IB ERROR 504 for PRX (EUR): Not connected
22:32:54 - INFO - IB-Feed: IB ERROR 504 for APP (USD): Not connected
22:32:54 - INFO - IB-Feed: IB ERROR 504 for BHP (USD): Not connected
22:32:54 - INFO - IB-Feed: IB ERROR 504 for MT (EUR): Not connected
22:32:54 - INFO - IB-Feed: IB ERROR 504 for CL (USD): Not connected
22:32:54 - INFO - IB-Feed: IB ERROR 504 for GOOG (USD): Not connected
22:32:54 - INFO - IB-Feed: IB ERROR 504 for JNJ (USD): Not connected
22:32:54 - INFO - IB-Feed: IB ERROR 504 for UNH (USD): Not connected
22:32:54 - INFO - IB-Feed: IB ERROR 504 for CORRECTIE-BENCHMARK (): Not connected
22:32:54 - INFO - IB-Feed: IB ERROR 504 for UBER (USD): Not connected
22:32:54 - INFO - IB-Feed: IB ERROR 504 for PLAN (USD): Not connected
22:32:54 - INFO - IB-Feed: IB ERROR 504 for O (USD): Not connected
22:32:54 - INFO - IB-Feed: IB ERROR 504 for T (USD): Not connected
22:32:54 - INFO - IB-Feed: IB ERROR 504 for SNOW (USD): Not connected
22:32:54 - INFO - IB-Feed: IB ERROR 504 for UNA (EUR): Not connected
22:32:54 - INFO - IB-Feed: IB ERROR 504 for TKWY (EUR): Not connected
22:32:54 - INFO - IB-Feed: IB ERROR 504 for MMM (USD): Not connected
22:32:54 - INFO - IB-Feed: IB ERROR 504 for KO (USD): Not connected
22:32:54 - INFO - IB-Feed: IB ERROR 504 for URW (EUR): Not connected
22:32:54 - INFO - IB-Feed: IB ERROR 504 for EPD (USD): Not connected
22:32:54 - INFO - IB-Feed: IB ERROR 504 for META (USD): Not connected
22:48:49 - INFO - === Portfolio Viewer Started ===
22:48:49 - INFO - IB-Feed: IB ERROR 504 for UMG (EUR): Not connected
22:48:49 - INFO - IB-Feed: IB ERROR 504 for WMT (USD): Not connected
22:48:49 - INFO - IB-Feed: IB ERROR 504 for LIGHT (EUR): Not connected
22:48:49 - INFO - IB-Feed: IB ERROR 504 for HEIA (EUR): Not connected
22:48:49 - INFO - IB-Feed: IB ERROR 504 for UNA (EUR): Not connected
22:48:49 - INFO - IB-Feed: IB ERROR 504 for PRX (EUR): Not connected
22:48:49 - INFO - IB-Feed: IB ERROR 504 for UNH (USD): Not connected
22:48:49 - INFO - IB-Feed: IB ERROR 504 for BN (EUR): Not connected
22:48:49 - INFO - IB-Feed: IB ERROR 504 for MDT (USD): Not connected
22:48:49 - INFO - IB-Feed: IB ERROR 504 for NKE (USD): Not connected
22:48:49 - INFO - IB-Feed: IB ERROR 504 for PNL (EUR): Not connected
22:48:49 - INFO - IB-Feed: IB ERROR 504 for ASRNL (EUR): Not connected
22:48:49 - INFO - IB-Feed: IB ERROR 504 for AAPL (USD): Not connected
22:48:49 - INFO - IB-Feed: IB ERROR 504 for AD (EUR): Not connected
22:48:49 - INFO - IB-Feed: IB ERROR 504 for AMZN (USD): Not connected
22:48:49 - INFO - IB-Feed: IB ERROR 504 for PLAN (USD): Not connected
22:48:49 - INFO - IB-Feed: IB ERROR 504 for EOE (EUR): Not connected
22:48:50 - INFO - IB-Feed: IB ERROR 504 for AMD (USD): Not connected
22:48:50 - INFO - IB-Feed: IB ERROR 504 for BTI (USD): Not connected
22:48:50 - INFO - IB-Feed: IB ERROR 504 for ORDN (EUR): Not connected
22:48:50 - INFO - IB-Feed: IB ERROR 504 for INGA (EUR): Not connected
22:48:50 - INFO - IB-Feed: IB ERROR 504 for ABN (EUR): Not connected
22:48:50 - INFO - IB-Feed: IB ERROR 504 for RIO (USD): Not connected
22:48:50 - INFO - IB-Feed: IB ERROR 504 for KPN (EUR): Not connected
22:48:50 - INFO - IB-Feed: IB ERROR 504 for BNP (EUR): Not connected
22:48:50 - INFO - IB-Feed: IB ERROR 504 for PG (USD): Not connected
22:48:50 - INFO - IB-Feed: IB ERROR 504 for RAND (EUR): Not connected
22:48:50 - INFO - IB-Feed: IB ERROR 504 for GOOG (USD): Not connected
22:48:50 - INFO - IB-Feed: IB ERROR 504 for WDS (USD): Not connected
22:48:50 - INFO - IB-Feed: IB ERROR 504 for NBIS (USD): Not connected
22:48:50 - INFO - IB-Feed: IB ERROR 504 for T (USD): Not connected
22:48:50 - INFO - IB-Feed: IB ERROR 504 for ENB (USD): Not connected
22:48:50 - INFO - IB-Feed: IB ERROR 504 for BABA (USD): Not connected
22:48:50 - INFO - IB-Feed: IB ERROR 504 for INTC (USD): Not connected
22:48:50 - INFO - IB-Feed: IB ERROR 504 for VPK (EUR): Not connected
22:48:50 - INFO - IB-Feed: IB ERROR 504 for WKL (EUR): Not connected
22:48:50 - INFO - IB-Feed: IB ERROR 504 for BAS (EUR): Not connected
22:48:50 - INFO - IB-Feed: IB ERROR 504 for META (USD): Not connected
22:48:50 - INFO - IB-Feed: IB ERROR 504 for NOW (USD): Not connected
22:48:50 - INFO - IB-Feed: IB ERROR 504 for VZ (USD): Not connected
22:48:50 - INFO - IB-Feed: IB ERROR 504 for VFC (USD): Not connected
22:48:50 - INFO - IB-Feed: IB ERROR 504 for WHA (EUR): Not connected
22:48:50 - INFO - IB-Feed: IB ERROR 504 for ALV (EUR): Not connected
22:48:50 - INFO - IB-Feed: IB ERROR 504 for SHELL (EUR): Not connected
22:48:50 - INFO - IB-Feed: IB ERROR 504 for CCJ (USD): Not connected
22:48:50 - INFO - IB-Feed: IB ERROR 504 for BATS (GBP): Not connected
22:48:50 - INFO - IB-Feed: IB ERROR 504 for ECMPA (EUR): Not connected
22:48:50 - INFO - IB-Feed: IB ERROR 504 for BAYN (EUR): Not connected
22:48:50 - INFO - IB-Feed: IB ERROR 504 for BMW (EUR): Not connected
22:48:50 - INFO - IB-Feed: IB ERROR 504 for MT (EUR): Not connected
22:48:50 - INFO - IB-Feed: IB ERROR 504 for UVXY (USD): Not connected
22:48:50 - INFO - IB-Feed: IB ERROR 504 for EPD (USD): Not connected
22:48:50 - INFO - IB-Feed: IB ERROR 504 for SNOW (USD): Not connected
22:48:50 - INFO - IB-Feed: IB ERROR 504 for NVDA (USD): Not connected
22:48:50 - INFO - IB-Feed: IB ERROR 504 for MRK (USD): Not connected
22:48:50 - INFO - IB-Feed: IB ERROR 504 for APP (USD): Not connected
22:48:50 - INFO - IB-Feed: IB ERROR 504 for HOOD (USD): Not connected
22:48:50 - INFO - IB-Feed: IB ERROR 504 for JNJ (USD): Not connected
22:48:50 - INFO - IB-Feed: IB ERROR 504 for IFX (EUR): Not connected
22:48:50 - INFO - IB-Feed: IB ERROR 504 for BP (USD): Not connected
22:48:50 - INFO - IB-Feed: IB ERROR 504 for PLTR (USD): Not connected
22:48:50 - INFO - IB-Feed: IB ERROR 504 for TBT (USD): Not connected
22:48:50 - INFO - IB-Feed: IB ERROR 504 for ANET (USD): Not connected
22:48:50 - INFO - IB-Feed: IB ERROR 504 for MMM (USD): Not connected
22:48:50 - INFO - IB-Feed: IB ERROR 504 for BESI (EUR): Not connected
22:48:50 - INFO - IB-Feed: IB ERROR 504 for AGN (EUR): Not connected
22:48:50 - INFO - IB-Feed: IB ERROR 504 for CL (USD): Not connected
22:48:50 - INFO - IB-Feed: IB ERROR 504 for NN (EUR): Not connected
22:48:50 - INFO - IB-Feed: IB ERROR 504 for VOW (EUR): Not connected
22:48:50 - INFO - IB-Feed: IB ERROR 504 for OKTA (USD): Not connected
22:48:50 - INFO - IB-Feed: IB ERROR 504 for OXY (USD): Not connected
22:48:50 - INFO - IB-Feed: IB ERROR 504 for UBER (USD): Not connected
22:48:50 - INFO - IB-Feed: IB ERROR 504 for ASM (EUR): Not connected
22:48:50 - INFO - IB-Feed: IB ERROR 504 for BHP (USD): Not connected
22:48:50 - INFO - IB-Feed: IB ERROR 504 for O (USD): Not connected
22:48:50 - INFO - IB-Feed: IB ERROR 504 for XLV (USD): Not connected
22:48:50 - INFO - IB-Feed: IB ERROR 504 for UPS (USD): Not connected
22:48:50 - INFO - IB-Feed: IB ERROR 504 for KO (USD): Not connected
22:48:50 - INFO - IB-Feed: IB ERROR 504 for PANW (USD): Not connected
22:48:50 - INFO - IB-Feed: IB ERROR 504 for FDX (USD): Not connected
22:48:50 - INFO - IB-Feed: IB ERROR 504 for DHL (EUR): Not connected
22:48:50 - INFO - IB-Feed: IB ERROR 504 for URW (EUR): Not connected
22:48:50 - INFO - IB-Feed: IB ERROR 504 for VALE (USD): Not connected
22:48:50 - INFO - IB-Feed: IB ERROR 504 for MU (USD): Not connected
22:48:50 - INFO - IB-Feed: IB ERROR 504 for CORRECTIE-BENCHMARK (): Not connected
22:48:50 - INFO - IB-Feed: IB ERROR 504 for TKWY (EUR): Not connected
22:48:50 - INFO - IB-Feed: IB ERROR 504 for REN (EUR): Not connected
22:48:50 - INFO - IB-Feed: IB ERROR 504 for ASML (EUR): Not connected
22:48:50 - INFO - IB-Feed: IB ERROR 504 for PHIA (EUR): Not connected
22:50:13 - INFO - === Portfolio Viewer Started ===
22:50:13 - INFO - IB-Feed: IB ERROR 504 for BAS (EUR): Not connected
22:50:13 - INFO - IB-Feed: IB ERROR 504 for AD (EUR): Not connected
22:50:13 - INFO - IB-Feed: IB ERROR 504 for VZ (USD): Not connected
22:50:13 - INFO - IB-Feed: IB ERROR 504 for UBER (USD): Not connected
22:50:13 - INFO - IB-Feed: IB ERROR 504 for XLV (USD): Not connected
22:50:13 - INFO - IB-Feed: IB ERROR 504 for IFX (EUR): Not connected
22:50:13 - INFO - IB-Feed: IB ERROR 504 for GOOG (USD): Not connected
22:50:13 - INFO - IB-Feed: IB ERROR 504 for HOOD (USD): Not connected
22:50:13 - INFO - IB-Feed: IB ERROR 504 for BMW (EUR): Not connected
22:50:13 - INFO - IB-Feed: IB ERROR 504 for CL (USD): Not connected
22:50:13 - INFO - IB-Feed: IB ERROR 504 for BNP (EUR): Not connected
22:50:13 - INFO - IB-Feed: IB ERROR 504 for PRX (EUR): Not connected
22:50:13 - INFO - IB-Feed: IB ERROR 504 for BABA (USD): Not connected
22:50:13 - INFO - IB-Feed: IB ERROR 504 for BP (USD): Not connected
22:50:13 - INFO - IB-Feed: IB ERROR 504 for AMZN (USD): Not connected
22:50:13 - INFO - IB-Feed: IB ERROR 504 for AAPL (USD): Not connected
22:50:13 - INFO - IB-Feed: IB ERROR 504 for BN (EUR): Not connected
22:50:13 - INFO - IB-Feed: IB ERROR 504 for ANET (USD): Not connected
22:50:13 - INFO - IB-Feed: IB ERROR 504 for WMT (USD): Not connected
22:50:13 - INFO - IB-Feed: IB ERROR 504 for UVXY (USD): Not connected
22:50:13 - INFO - IB-Feed: IB ERROR 504 for TKWY (EUR): Not connected
22:50:13 - INFO - IB-Feed: IB ERROR 504 for HEIA (EUR): Not connected
22:50:13 - INFO - IB-Feed: IB ERROR 504 for AGN (EUR): Not connected
22:50:14 - INFO - IB-Feed: IB ERROR 504 for WHA (EUR): Not connected
22:50:14 - INFO - IB-Feed: IB ERROR 504 for MMM (USD): Not connected
22:50:14 - INFO - IB-Feed: IB ERROR 504 for PHIA (EUR): Not connected
22:50:14 - INFO - IB-Feed: IB ERROR 504 for BHP (USD): Not connected
22:50:14 - INFO - IB-Feed: IB ERROR 504 for UPS (USD): Not connected
22:50:14 - INFO - IB-Feed: IB ERROR 504 for NBIS (USD): Not connected
22:50:14 - INFO - IB-Feed: IB ERROR 504 for APP (USD): Not connected
22:50:14 - INFO - IB-Feed: IB ERROR 504 for NOW (USD): Not connected
22:50:14 - INFO - IB-Feed: IB ERROR 504 for VALE (USD): Not connected
22:50:14 - INFO - IB-Feed: IB ERROR 504 for KO (USD): Not connected
22:50:14 - INFO - IB-Feed: IB ERROR 504 for BAYN (EUR): Not connected
22:50:14 - INFO - IB-Feed: IB ERROR 504 for BATS (GBP): Not connected
22:50:14 - INFO - IB-Feed: IB ERROR 504 for META (USD): Not connected
22:50:14 - INFO - IB-Feed: IB ERROR 504 for PG (USD): Not connected
22:50:14 - INFO - IB-Feed: IB ERROR 504 for T (USD): Not connected
22:50:14 - INFO - IB-Feed: IB ERROR 504 for NVDA (USD): Not connected
22:50:14 - INFO - IB-Feed: IB ERROR 504 for PLTR (USD): Not connected
22:50:14 - INFO - IB-Feed: IB ERROR 504 for MRK (USD): Not connected
22:50:14 - INFO - IB-Feed: IB ERROR 504 for INTC (USD): Not connected
22:50:14 - INFO - IB-Feed: IB ERROR 504 for BESI (EUR): Not connected
22:50:14 - INFO - IB-Feed: IB ERROR 504 for INGA (EUR): Not connected
22:50:14 - INFO - IB-Feed: IB ERROR 504 for OXY (USD): Not connected
22:50:14 - INFO - IB-Feed: IB ERROR 504 for WKL (EUR): Not connected
22:50:14 - INFO - IB-Feed: IB ERROR 504 for CCJ (USD): Not connected
22:50:14 - INFO - IB-Feed: IB ERROR 504 for UNA (EUR): Not connected
22:50:14 - INFO - IB-Feed: IB ERROR 504 for VPK (EUR): Not connected
22:50:14 - INFO - IB-Feed: IB ERROR 504 for EOE (EUR): Not connected
22:50:14 - INFO - IB-Feed: IB ERROR 504 for NKE (USD): Not connected
22:50:14 - INFO - IB-Feed: IB ERROR 504 for ASRNL (EUR): Not connected
22:50:14 - INFO - IB-Feed: IB ERROR 504 for VOW (EUR): Not connected
22:50:14 - INFO - IB-Feed: IB ERROR 504 for LIGHT (EUR): Not connected
22:50:14 - INFO - IB-Feed: IB ERROR 504 for RAND (EUR): Not connected
22:50:14 - INFO - IB-Feed: IB ERROR 504 for CORRECTIE-BENCHMARK (): Not connected
22:50:14 - INFO - IB-Feed: IB ERROR 504 for PLAN (USD): Not connected
22:50:14 - INFO - IB-Feed: IB ERROR 504 for ASM (EUR): Not connected
22:50:14 - INFO - IB-Feed: IB ERROR 504 for URW (EUR): Not connected
22:50:14 - INFO - IB-Feed: IB ERROR 504 for UMG (EUR): Not connected
22:50:14 - INFO - IB-Feed: IB ERROR 504 for KPN (EUR): Not connected
22:50:14 - INFO - IB-Feed: IB ERROR 504 for MDT (USD): Not connected
22:50:14 - INFO - IB-Feed: IB ERROR 504 for REN (EUR): Not connected
22:50:14 - INFO - IB-Feed: IB ERROR 504 for ECMPA (EUR): Not connected
22:50:14 - INFO - IB-Feed: IB ERROR 504 for WDS (USD): Not connected
22:50:14 - INFO - IB-Feed: IB ERROR 504 for RIO (USD): Not connected
22:50:14 - INFO - IB-Feed: IB ERROR 504 for PNL (EUR): Not connected
22:50:14 - INFO - IB-Feed: IB ERROR 504 for ORDN (EUR): Not connected
22:50:14 - INFO - IB-Feed: IB ERROR 504 for SNOW (USD): Not connected
22:50:14 - INFO - IB-Feed: IB ERROR 504 for DHL (EUR): Not connected
22:50:14 - INFO - IB-Feed: IB ERROR 504 for BTI (USD): Not connected
22:50:14 - INFO - IB-Feed: IB ERROR 504 for MU (USD): Not connected
22:50:14 - INFO - IB-Feed: IB ERROR 504 for OKTA (USD): Not connected
22:50:14 - INFO - IB-Feed: IB ERROR 504 for O (USD): Not connected
22:50:14 - INFO - IB-Feed: IB ERROR 504 for PANW (USD): Not connected
22:50:14 - INFO - IB-Feed: IB ERROR 504 for JNJ (USD): Not connected
22:50:14 - INFO - IB-Feed: IB ERROR 504 for TBT (USD): Not connected
22:50:14 - INFO - IB-Feed: IB ERROR 504 for ALV (EUR): Not connected
22:50:14 - INFO - IB-Feed: IB ERROR 504 for FDX (USD): Not connected
22:50:14 - INFO - IB-Feed: IB ERROR 504 for SHELL (EUR): Not connected
22:50:14 - INFO - IB-Feed: IB ERROR 504 for AMD (USD): Not connected
22:50:14 - INFO - IB-Feed: IB ERROR 504 for EPD (USD): Not connected
22:50:14 - INFO - IB-Feed: IB ERROR 504 for ENB (USD): Not connected
22:50:14 - INFO - IB-Feed: IB ERROR 504 for NN (EUR): Not connected
22:50:14 - INFO - IB-Feed: IB ERROR 504 for ABN (EUR): Not connected
22:50:14 - INFO - IB-Feed: IB ERROR 504 for ASML (EUR): Not connected
22:50:14 - INFO - IB-Feed: IB ERROR 504 for MT (EUR): Not connected
22:50:14 - INFO - IB-Feed: IB ERROR 504 for VFC (USD): Not connected
22:50:14 - INFO - IB-Feed: IB ERROR 504 for UNH (USD): Not connected
22:58:20 - INFO - === Portfolio Viewer Started ===
22:58:21 - INFO - IB-Feed: IB ERROR 504 for TBT (USD): Not connected
22:58:21 - INFO - IB-Feed: IB ERROR 504 for FDX (USD): Not connected
22:58:21 - INFO - IB-Feed: IB ERROR 504 for MT (EUR): Not connected
22:58:21 - INFO - IB-Feed: IB ERROR 504 for BATS (GBP): Not connected
22:58:21 - INFO - IB-Feed: IB ERROR 504 for AGN (EUR): Not connected
22:58:21 - INFO - IB-Feed: IB ERROR 504 for CCJ (USD): Not connected
22:58:21 - INFO - IB-Feed: IB ERROR 504 for CORRECTIE-BENCHMARK (): Not connected
22:58:21 - INFO - IB-Feed: IB ERROR 504 for O (USD): Not connected
22:58:21 - INFO - IB-Feed: IB ERROR 504 for EOE (EUR): Not connected
22:58:21 - INFO - IB-Feed: IB ERROR 504 for URW (EUR): Not connected
22:58:21 - INFO - IB-Feed: IB ERROR 504 for PLAN (USD): Not connected
22:58:21 - INFO - IB-Feed: IB ERROR 504 for UBER (USD): Not connected
22:58:21 - INFO - IB-Feed: IB ERROR 504 for VZ (USD): Not connected
22:58:21 - INFO - IB-Feed: IB ERROR 504 for ABN (EUR): Not connected
22:58:21 - INFO - IB-Feed: IB ERROR 504 for XLV (USD): Not connected
22:58:21 - INFO - IB-Feed: IB ERROR 504 for JNJ (USD): Not connected
22:58:21 - INFO - IB-Feed: IB ERROR 504 for ANET (USD): Not connected
22:58:21 - INFO - IB-Feed: IB ERROR 504 for ASM (EUR): Not connected
22:58:21 - INFO - IB-Feed: IB ERROR 504 for UNH (USD): Not connected
22:58:21 - INFO - IB-Feed: IB ERROR 504 for VFC (USD): Not connected
22:58:21 - INFO - IB-Feed: IB ERROR 504 for REN (EUR): Not connected
22:58:21 - INFO - IB-Feed: IB ERROR 504 for ASML (EUR): Not connected
22:58:21 - INFO - IB-Feed: IB ERROR 504 for PNL (EUR): Not connected
22:58:21 - INFO - IB-Feed: IB ERROR 504 for GOOG (USD): Not connected
22:58:21 - INFO - IB-Feed: IB ERROR 504 for INTC (USD): Not connected
22:58:21 - INFO - IB-Feed: IB ERROR 504 for HEIA (EUR): Not connected
22:58:21 - INFO - IB-Feed: IB ERROR 504 for OKTA (USD): Not connected
22:58:21 - INFO - IB-Feed: IB ERROR 504 for PG (USD): Not connected
22:58:21 - INFO - IB-Feed: IB ERROR 504 for BAS (EUR): Not connected
22:58:21 - INFO - IB-Feed: IB ERROR 504 for T (USD): Not connected
22:58:21 - INFO - IB-Feed: IB ERROR 504 for META (USD): Not connected
22:58:21 - INFO - IB-Feed: IB ERROR 504 for NBIS (USD): Not connected
22:58:21 - INFO - IB-Feed: IB ERROR 504 for DHL (EUR): Not connected
22:58:21 - INFO - IB-Feed: IB ERROR 504 for KPN (EUR): Not connected
22:58:21 - INFO - IB-Feed: IB ERROR 504 for WKL (EUR): Not connected
22:58:21 - INFO - IB-Feed: IB ERROR 504 for NOW (USD): Not connected
22:58:21 - INFO - IB-Feed: IB ERROR 504 for AAPL (USD): Not connected
22:58:21 - INFO - IB-Feed: IB ERROR 504 for WMT (USD): Not connected
22:58:21 - INFO - IB-Feed: IB ERROR 504 for APP (USD): Not connected
22:58:21 - INFO - IB-Feed: IB ERROR 504 for ENB (USD): Not connected
22:58:21 - INFO - IB-Feed: IB ERROR 504 for BN (EUR): Not connected
22:58:21 - INFO - IB-Feed: IB ERROR 504 for ECMPA (EUR): Not connected
22:58:21 - INFO - IB-Feed: IB ERROR 504 for LIGHT (EUR): Not connected
22:58:21 - INFO - IB-Feed: IB ERROR 504 for ALV (EUR): Not connected
22:58:21 - INFO - IB-Feed: IB ERROR 504 for PLTR (USD): Not connected
22:58:21 - INFO - IB-Feed: IB ERROR 504 for KO (USD): Not connected
22:58:21 - INFO - IB-Feed: IB ERROR 504 for NVDA (USD): Not connected
22:58:21 - INFO - IB-Feed: IB ERROR 504 for WHA (EUR): Not connected
22:58:21 - INFO - IB-Feed: IB ERROR 504 for UPS (USD): Not connected
22:58:21 - INFO - IB-Feed: IB ERROR 504 for VOW (EUR): Not connected
22:58:21 - INFO - IB-Feed: IB ERROR 504 for RIO (USD): Not connected
22:58:21 - INFO - IB-Feed: IB ERROR 504 for VALE (USD): Not connected
22:58:21 - INFO - IB-Feed: IB ERROR 504 for PANW (USD): Not connected
22:58:21 - INFO - IB-Feed: IB ERROR 504 for BNP (EUR): Not connected
22:58:21 - INFO - IB-Feed: IB ERROR 504 for MRK (USD): Not connected
22:58:21 - INFO - IB-Feed: IB ERROR 504 for ORDN (EUR): Not connected
22:58:21 - INFO - IB-Feed: IB ERROR 504 for BABA (USD): Not connected
22:58:21 - INFO - IB-Feed: IB ERROR 504 for UMG (EUR): Not connected
22:58:21 - INFO - IB-Feed: IB ERROR 504 for MDT (USD): Not connected
22:58:21 - INFO - IB-Feed: IB ERROR 504 for PHIA (EUR): Not connected
22:58:21 - INFO - IB-Feed: IB ERROR 504 for RAND (EUR): Not connected
22:58:21 - INFO - IB-Feed: IB ERROR 504 for IFX (EUR): Not connected
22:58:21 - INFO - IB-Feed: IB ERROR 504 for AMD (USD): Not connected
22:58:21 - INFO - IB-Feed: IB ERROR 504 for UNA (EUR): Not connected
22:58:21 - INFO - IB-Feed: IB ERROR 504 for BMW (EUR): Not connected
22:58:21 - INFO - IB-Feed: IB ERROR 504 for INGA (EUR): Not connected
22:58:21 - INFO - IB-Feed: IB ERROR 504 for SNOW (USD): Not connected
22:58:21 - INFO - IB-Feed: IB ERROR 504 for NKE (USD): Not connected
22:58:21 - INFO - IB-Feed: IB ERROR 504 for SHELL (EUR): Not connected
22:58:21 - INFO - IB-Feed: IB ERROR 504 for VPK (EUR): Not connected
22:58:21 - INFO - IB-Feed: IB ERROR 504 for BAYN (EUR): Not connected
22:58:21 - INFO - IB-Feed: IB ERROR 504 for MMM (USD): Not connected
22:58:21 - INFO - IB-Feed: IB ERROR 504 for EPD (USD): Not connected
22:58:21 - INFO - IB-Feed: IB ERROR 504 for ASRNL (EUR): Not connected
22:58:21 - INFO - IB-Feed: IB ERROR 504 for PRX (EUR): Not connected
22:58:21 - INFO - IB-Feed: IB ERROR 504 for AD (EUR): Not connected
22:58:21 - INFO - IB-Feed: IB ERROR 504 for TKWY (EUR): Not connected
22:58:21 - INFO - IB-Feed: IB ERROR 504 for HOOD (USD): Not connected
22:58:21 - INFO - IB-Feed: IB ERROR 504 for MU (USD): Not connected
22:58:21 - INFO - IB-Feed: IB ERROR 504 for BP (USD): Not connected
22:58:21 - INFO - IB-Feed: IB ERROR 504 for UVXY (USD): Not connected
22:58:21 - INFO - IB-Feed: IB ERROR 504 for OXY (USD): Not connected
22:58:21 - INFO - IB-Feed: IB ERROR 504 for CL (USD): Not connected
22:58:21 - INFO - IB-Feed: IB ERROR 504 for BHP (USD): Not connected
22:58:21 - INFO - IB-Feed: IB ERROR 504 for NN (EUR): Not connected
22:58:21 - INFO - IB-Feed: IB ERROR 504 for BTI (USD): Not connected
22:58:21 - INFO - IB-Feed: IB ERROR 504 for BESI (EUR): Not connected
22:58:21 - INFO - IB-Feed: IB ERROR 504 for WDS (USD): Not connected
22:58:22 - INFO - IB-Feed: IB ERROR 504 for AMZN (USD): Not connected
22:59:21 - INFO - === Portfolio Viewer Started ===
22:59:23 - INFO - IB-Feed: IB ERROR 200 for CORRECTIE-BENCHMARK (): No security definition has been found for the request
22:59:23 - INFO - IB-Feed: IB ERROR 200 for PLAN (USD): No security definition has been found for the request
22:59:23 - INFO - IB-Feed: IB ERROR 200 for ORDN (EUR): No security definition has been found for the request
22:59:23 - INFO - IB-Feed: IB ERROR 200 for EOE (EUR): No security definition has been found for the request
23:02:43 - INFO - === Portfolio Viewer Started ===
23:02:44 - INFO - IB-Feed: IB ERROR 200 for PLAN (USD): No security definition has been found for the request
23:02:44 - INFO - IB-Feed: IB ERROR 200 for ORDN (EUR): No security definition has been found for the request
23:02:44 - INFO - IB-Feed: IB ERROR 200 for EOE (EUR): No security definition has been found for the request
23:02:44 - INFO - IB-Feed: IB ERROR 200 for CORRECTIE-BENCHMARK (): No security definition has been found for the request
